Replace Part BQ1 FC135-32768-7 in D:\Project_Altium\STM32F407VET6_4Layer\STM32F407VET6_4Layer_Sheet.SchDoc with FC135-32768-7 from MyCompLib.SchLib
Replace Part BQ2 HC49SM in D:\Project_Altium\STM32F407VET6_4Layer\STM32F407VET6_4Layer_Sheet.SchDoc with HC49SM from MyCompLib.SchLib
Replace Part BQ3 SPXO018044CFPS-73 in D:\Project_Altium\STM32F407VET6_4Layer\STM32F407VET6_4Layer_Sheet.SchDoc with SPXO018044CFPS-73 from MyCompLib.SchLib
Replace Part C1 C0603 in D:\Project_Altium\STM32F407VET6_4Layer\STM32F407VET6_4Layer_Sheet.SchDoc with C0603 from MyCompLib.SchLib
Replace Part C2 C0603 in D:\Project_Altium\STM32F407VET6_4Layer\STM32F407VET6_4Layer_Sheet.SchDoc with C0603 from MyCompLib.SchLib
Replace Part C3 C0603 in D:\Project_Altium\STM32F407VET6_4Layer\STM32F407VET6_4Layer_Sheet.SchDoc with C0603 from MyCompLib.SchLib
Replace Part C4 C0805 in D:\Project_Altium\STM32F407VET6_4Layer\STM32F407VET6_4Layer_Sheet.SchDoc with C0805 from MyCompLib.SchLib
Replace Part C5 C0805 in D:\Project_Altium\STM32F407VET6_4Layer\STM32F407VET6_4Layer_Sheet.SchDoc with C0805 from MyCompLib.SchLib
Replace Part C6 C0805 in D:\Project_Altium\STM32F407VET6_4Layer\STM32F407VET6_4Layer_Sheet.SchDoc with C0805 from MyCompLib.SchLib
Replace Part C7 EEEFK1H221P in D:\Project_Altium\STM32F407VET6_4Layer\STM32F407VET6_4Layer_Sheet.SchDoc with EEEFK1H221P from MyCompLib.SchLib
Replace Part C8 C0805 in D:\Project_Altium\STM32F407VET6_4Layer\STM32F407VET6_4Layer_Sheet.SchDoc with C0805 from MyCompLib.SchLib
Replace Part C9 C0805 in D:\Project_Altium\STM32F407VET6_4Layer\STM32F407VET6_4Layer_Sheet.SchDoc with C0805 from MyCompLib.SchLib
Replace Part C10 C0603 in D:\Project_Altium\STM32F407VET6_4Layer\STM32F407VET6_4Layer_Sheet.SchDoc with C0603 from MyCompLib.SchLib
Replace Part C11 C0603 in D:\Project_Altium\STM32F407VET6_4Layer\STM32F407VET6_4Layer_Sheet.SchDoc with C0603 from MyCompLib.SchLib
Replace Part C12 C0805 in D:\Project_Altium\STM32F407VET6_4Layer\STM32F407VET6_4Layer_Sheet.SchDoc with C0805 from MyCompLib.SchLib
Replace Part C13 EEEFK1H221P in D:\Project_Altium\STM32F407VET6_4Layer\STM32F407VET6_4Layer_Sheet.SchDoc with EEEFK1H221P from MyCompLib.SchLib
Replace Part C14 C0805 in D:\Project_Altium\STM32F407VET6_4Layer\STM32F407VET6_4Layer_Sheet.SchDoc with C0805 from MyCompLib.SchLib
Replace Part C15 C0603 in D:\Project_Altium\STM32F407VET6_4Layer\STM32F407VET6_4Layer_Sheet.SchDoc with C0603 from MyCompLib.SchLib
Replace Part C16 C0603 in D:\Project_Altium\STM32F407VET6_4Layer\STM32F407VET6_4Layer_Sheet.SchDoc with C0603 from MyCompLib.SchLib
Replace Part C17 TECAP_A in D:\Project_Altium\STM32F407VET6_4Layer\STM32F407VET6_4Layer_Sheet.SchDoc with TECAP_A from MyCompLib.SchLib
Replace Part C18 TECAP_A in D:\Project_Altium\STM32F407VET6_4Layer\STM32F407VET6_4Layer_Sheet.SchDoc with TECAP_A from MyCompLib.SchLib
Replace Part C19 SS34 in D:\Project_Altium\STM32F407VET6_4Layer\STM32F407VET6_4Layer_Sheet.SchDoc with SS34 from MyCompLib.SchLib
Replace Part C20 TECAP_A in D:\Project_Altium\STM32F407VET6_4Layer\STM32F407VET6_4Layer_Sheet.SchDoc with TECAP_A from MyCompLib.SchLib
Replace Part C21 C0805 in D:\Project_Altium\STM32F407VET6_4Layer\STM32F407VET6_4Layer_Sheet.SchDoc with C0805 from MyCompLib.SchLib
Replace Part C22 C0603 in D:\Project_Altium\STM32F407VET6_4Layer\STM32F407VET6_4Layer_Sheet.SchDoc with C0603 from MyCompLib.SchLib
Replace Part C23 TECAP_A in D:\Project_Altium\STM32F407VET6_4Layer\STM32F407VET6_4Layer_Sheet.SchDoc with TECAP_A from MyCompLib.SchLib
Replace Part C24 C0603 in D:\Project_Altium\STM32F407VET6_4Layer\STM32F407VET6_4Layer_Sheet.SchDoc with C0603 from MyCompLib.SchLib
Replace Part C25 TECAP_A in D:\Project_Altium\STM32F407VET6_4Layer\STM32F407VET6_4Layer_Sheet.SchDoc with TECAP_A from MyCompLib.SchLib
Replace Part C26 TECAP_A in D:\Project_Altium\STM32F407VET6_4Layer\STM32F407VET6_4Layer_Sheet.SchDoc with TECAP_A from MyCompLib.SchLib
Replace Part C27 C0603 in D:\Project_Altium\STM32F407VET6_4Layer\STM32F407VET6_4Layer_Sheet.SchDoc with C0603 from MyCompLib.SchLib
Replace Part C28 C0805 in D:\Project_Altium\STM32F407VET6_4Layer\STM32F407VET6_4Layer_Sheet.SchDoc with C0805 from MyCompLib.SchLib
Replace Part C29 C0805 in D:\Project_Altium\STM32F407VET6_4Layer\STM32F407VET6_4Layer_Sheet.SchDoc with C0805 from MyCompLib.SchLib
Replace Part C30 C0805 in D:\Project_Altium\STM32F407VET6_4Layer\STM32F407VET6_4Layer_Sheet.SchDoc with C0805 from MyCompLib.SchLib
Replace Part C31 TECAP_A in D:\Project_Altium\STM32F407VET6_4Layer\STM32F407VET6_4Layer_Sheet.SchDoc with TECAP_A from MyCompLib.SchLib
Replace Part C32 C0603 in D:\Project_Altium\STM32F407VET6_4Layer\STM32F407VET6_4Layer_Sheet.SchDoc with C0603 from MyCompLib.SchLib
Replace Part C33 C0805 in D:\Project_Altium\STM32F407VET6_4Layer\STM32F407VET6_4Layer_Sheet.SchDoc with C0805 from MyCompLib.SchLib
Replace Part C34 C0805 in D:\Project_Altium\STM32F407VET6_4Layer\STM32F407VET6_4Layer_Sheet.SchDoc with C0805 from MyCompLib.SchLib
Replace Part C35 C0603 in D:\Project_Altium\STM32F407VET6_4Layer\STM32F407VET6_4Layer_Sheet.SchDoc with C0603 from MyCompLib.SchLib
Replace Part C36 C0805 in D:\Project_Altium\STM32F407VET6_4Layer\STM32F407VET6_4Layer_Sheet.SchDoc with C0805 from MyCompLib.SchLib
Replace Part C37 C0805 in D:\Project_Altium\STM32F407VET6_4Layer\STM32F407VET6_4Layer_Sheet.SchDoc with C0805 from MyCompLib.SchLib
Replace Part C38 C0805 in D:\Project_Altium\STM32F407VET6_4Layer\STM32F407VET6_4Layer_Sheet.SchDoc with C0805 from MyCompLib.SchLib
Replace Part C39 C0805 in D:\Project_Altium\STM32F407VET6_4Layer\STM32F407VET6_4Layer_Sheet.SchDoc with C0805 from MyCompLib.SchLib
Replace Part C40 C0805 in D:\Project_Altium\STM32F407VET6_4Layer\STM32F407VET6_4Layer_Sheet.SchDoc with C0805 from MyCompLib.SchLib
Replace Part C41 C0805 in D:\Project_Altium\STM32F407VET6_4Layer\STM32F407VET6_4Layer_Sheet.SchDoc with C0805 from MyCompLib.SchLib
Replace Part C42 C0805 in D:\Project_Altium\STM32F407VET6_4Layer\STM32F407VET6_4Layer_Sheet.SchDoc with C0805 from MyCompLib.SchLib
Replace Part C43 C0805 in D:\Project_Altium\STM32F407VET6_4Layer\STM32F407VET6_4Layer_Sheet.SchDoc with C0805 from MyCompLib.SchLib
Replace Part C44 C0603 in D:\Project_Altium\STM32F407VET6_4Layer\STM32F407VET6_4Layer_Sheet.SchDoc with C0603 from MyCompLib.SchLib
Replace Part C45 C0805 in D:\Project_Altium\STM32F407VET6_4Layer\STM32F407VET6_4Layer_Sheet.SchDoc with C0805 from MyCompLib.SchLib
Replace Part C46 C0805 in D:\Project_Altium\STM32F407VET6_4Layer\STM32F407VET6_4Layer_Sheet.SchDoc with C0805 from MyCompLib.SchLib
Replace Part C47 C0805 in D:\Project_Altium\STM32F407VET6_4Layer\STM32F407VET6_4Layer_Sheet.SchDoc with C0805 from MyCompLib.SchLib
Replace Part C48 C0805 in D:\Project_Altium\STM32F407VET6_4Layer\STM32F407VET6_4Layer_Sheet.SchDoc with C0805 from MyCompLib.SchLib
Replace Part C49 C0805 in D:\Project_Altium\STM32F407VET6_4Layer\STM32F407VET6_4Layer_Sheet.SchDoc with C0805 from MyCompLib.SchLib
Replace Part C50 C0805 in D:\Project_Altium\STM32F407VET6_4Layer\STM32F407VET6_4Layer_Sheet.SchDoc with C0805 from MyCompLib.SchLib
Replace Part C51 C0805 in D:\Project_Altium\STM32F407VET6_4Layer\STM32F407VET6_4Layer_Sheet.SchDoc with C0805 from MyCompLib.SchLib
Replace Part C52 C0805 in D:\Project_Altium\STM32F407VET6_4Layer\STM32F407VET6_4Layer_Sheet.SchDoc with C0805 from MyCompLib.SchLib
Replace Part C53 C1206 in D:\Project_Altium\STM32F407VET6_4Layer\STM32F407VET6_4Layer_Sheet.SchDoc with C1206 from MyCompLib.SchLib
Replace Part C54 TECAP_A in D:\Project_Altium\STM32F407VET6_4Layer\STM32F407VET6_4Layer_Sheet.SchDoc with TECAP_A from MyCompLib.SchLib
Replace Part D1 AT45DB161E in D:\Project_Altium\STM32F407VET6_4Layer\STM32F407VET6_4Layer_Sheet.SchDoc with AT45DB161E from MyCompLib.SchLib
Replace Part D2 M95256(2M)-WMN6TP in D:\Project_Altium\STM32F407VET6_4Layer\STM32F407VET6_4Layer_Sheet.SchDoc with M95256(2M)-WMN6TP from MyCompLib.SchLib
Replace Part D3 SN65HVD230QDR in D:\Project_Altium\STM32F407VET6_4Layer\STM32F407VET6_4Layer_Sheet.SchDoc with SN65HVD230QDR from MyCompLib.SchLib
Replace Part D4 FT230XS-U in D:\Project_Altium\STM32F407VET6_4Layer\STM32F407VET6_4Layer_Sheet.SchDoc with FT230XS-U from MyCompLib.SchLib
Replace Part D5 LM2596S in D:\Project_Altium\STM32F407VET6_4Layer\STM32F407VET6_4Layer_Sheet.SchDoc with LM2596S from MyCompLib.SchLib
Replace Part D6 ST3485 in D:\Project_Altium\STM32F407VET6_4Layer\STM32F407VET6_4Layer_Sheet.SchDoc with ST3485 from MyCompLib.SchLib
Replace Part D7 LM1117-3.3 in D:\Project_Altium\STM32F407VET6_4Layer\STM32F407VET6_4Layer_Sheet.SchDoc with LM1117-3.3 from MyCompLib.SchLib
Replace Part D8 STM32F407VET6 in D:\Project_Altium\STM32F407VET6_4Layer\STM32F407VET6_4Layer_Sheet.SchDoc with STM32F407VET6 from STMicroelectronics STM32 F4.IntLib
Replace Part D8 STM32F407VET6 in D:\Project_Altium\STM32F407VET6_4Layer\STM32F407VET6_4Layer_Sheet.SchDoc with STM32F407VET6 from STMicroelectronics STM32 F4.IntLib
Replace Part D9 ADM3202ARNZ in D:\Project_Altium\STM32F407VET6_4Layer\STM32F407VET6_4Layer_Sheet.SchDoc with ADM3202ARNZ from MyCompLib.SchLib
Replace Part D10 DP83848CVVNOPB in D:\Project_Altium\STM32F407VET6_4Layer\STM32F407VET6_4Layer_Sheet.SchDoc with DP83848CVVNOPB from MyCompLib.SchLib
Replace Part F1 MF-SM075/60 in D:\Project_Altium\STM32F407VET6_4Layer\STM32F407VET6_4Layer_Sheet.SchDoc with MF-SM075/60 from MyCompLib.SchLib
Replace Part F2 MF-MSMF050-2 in D:\Project_Altium\STM32F407VET6_4Layer\STM32F407VET6_4Layer_Sheet.SchDoc with MF-MSMF050-2 from MyCompLib.SchLib
Replace Part G1 HC0905A in D:\Project_Altium\STM32F407VET6_4Layer\STM32F407VET6_4Layer_Sheet.SchDoc with HC0905A from MyCompLib.SchLib
Replace Part HL1 LED_0_25_4 in D:\Project_Altium\STM32F407VET6_4Layer\STM32F407VET6_4Layer_Sheet.SchDoc with LED_0_25_4 from MyCompLib.SchLib
Replace Part HL2 LED_SMD in D:\Project_Altium\STM32F407VET6_4Layer\STM32F407VET6_4Layer_Sheet.SchDoc with LED_SMD from MyCompLib.SchLib
Replace Part HL3 LED_SMD in D:\Project_Altium\STM32F407VET6_4Layer\STM32F407VET6_4Layer_Sheet.SchDoc with LED_SMD from MyCompLib.SchLib
Replace Part HL4 LED_0_25_4 in D:\Project_Altium\STM32F407VET6_4Layer\STM32F407VET6_4Layer_Sheet.SchDoc with LED_0_25_4 from MyCompLib.SchLib
Replace Part HL5 LED_0_25_4 in D:\Project_Altium\STM32F407VET6_4Layer\STM32F407VET6_4Layer_Sheet.SchDoc with LED_0_25_4 from MyCompLib.SchLib
Replace Part HL6 LED_0_25_4 in D:\Project_Altium\STM32F407VET6_4Layer\STM32F407VET6_4Layer_Sheet.SchDoc with LED_0_25_4 from MyCompLib.SchLib
Replace Part J1 BK-912-TR in D:\Project_Altium\STM32F407VET6_4Layer\STM32F407VET6_4Layer_Sheet.SchDoc with BK-912-TR from MyCompLib.SchLib
Replace Part L1 SRR1208-682KL in D:\Project_Altium\STM32F407VET6_4Layer\STM32F407VET6_4Layer_Sheet.SchDoc with SRR1208-682KL from MyCompLib.SchLib
Replace Part L2 CM453232-471KL in D:\Project_Altium\STM32F407VET6_4Layer\STM32F407VET6_4Layer_Sheet.SchDoc with CM453232-471KL from MyCompLib.SchLib
Replace Part R1 R0603 in D:\Project_Altium\STM32F407VET6_4Layer\STM32F407VET6_4Layer_Sheet.SchDoc with R0603 from MyCompLib.SchLib
Replace Part R2 R0603 in D:\Project_Altium\STM32F407VET6_4Layer\STM32F407VET6_4Layer_Sheet.SchDoc with R0603 from MyCompLib.SchLib
Replace Part R3 R0805 in D:\Project_Altium\STM32F407VET6_4Layer\STM32F407VET6_4Layer_Sheet.SchDoc with R0805 from MyCompLib.SchLib
Replace Part R4 KNP2WS in D:\Project_Altium\STM32F407VET6_4Layer\STM32F407VET6_4Layer_Sheet.SchDoc with KNP2WS from MyCompLib.SchLib
Replace Part R5 R0603 in D:\Project_Altium\STM32F407VET6_4Layer\STM32F407VET6_4Layer_Sheet.SchDoc with R0603 from MyCompLib.SchLib
Replace Part R6 R0603 in D:\Project_Altium\STM32F407VET6_4Layer\STM32F407VET6_4Layer_Sheet.SchDoc with R0603 from MyCompLib.SchLib
Replace Part R7 R0603 in D:\Project_Altium\STM32F407VET6_4Layer\STM32F407VET6_4Layer_Sheet.SchDoc with R0603 from MyCompLib.SchLib
Replace Part R8 R2512 in D:\Project_Altium\STM32F407VET6_4Layer\STM32F407VET6_4Layer_Sheet.SchDoc with R2512 from MyCompLib.SchLib
Replace Part R9 R0805 in D:\Project_Altium\STM32F407VET6_4Layer\STM32F407VET6_4Layer_Sheet.SchDoc with R0805 from MyCompLib.SchLib
Replace Part R10 R0603 in D:\Project_Altium\STM32F407VET6_4Layer\STM32F407VET6_4Layer_Sheet.SchDoc with R0603 from MyCompLib.SchLib
Replace Part R11 R0603 in D:\Project_Altium\STM32F407VET6_4Layer\STM32F407VET6_4Layer_Sheet.SchDoc with R0603 from MyCompLib.SchLib
Replace Part R12 R0603 in D:\Project_Altium\STM32F407VET6_4Layer\STM32F407VET6_4Layer_Sheet.SchDoc with R0603 from MyCompLib.SchLib
Replace Part R13 R0603 in D:\Project_Altium\STM32F407VET6_4Layer\STM32F407VET6_4Layer_Sheet.SchDoc with R0603 from MyCompLib.SchLib
Replace Part R14 R0603 in D:\Project_Altium\STM32F407VET6_4Layer\STM32F407VET6_4Layer_Sheet.SchDoc with R0603 from MyCompLib.SchLib
Replace Part R15 R0603 in D:\Project_Altium\STM32F407VET6_4Layer\STM32F407VET6_4Layer_Sheet.SchDoc with R0603 from MyCompLib.SchLib
Replace Part R16 R0805 in D:\Project_Altium\STM32F407VET6_4Layer\STM32F407VET6_4Layer_Sheet.SchDoc with R0805 from MyCompLib.SchLib
Replace Part R17 R0603 in D:\Project_Altium\STM32F407VET6_4Layer\STM32F407VET6_4Layer_Sheet.SchDoc with R0603 from MyCompLib.SchLib
Replace Part R18 R0603 in D:\Project_Altium\STM32F407VET6_4Layer\STM32F407VET6_4Layer_Sheet.SchDoc with R0603 from MyCompLib.SchLib
Replace Part R19 R0805 in D:\Project_Altium\STM32F407VET6_4Layer\STM32F407VET6_4Layer_Sheet.SchDoc with R0805 from MyCompLib.SchLib
Replace Part R20 R0603 in D:\Project_Altium\STM32F407VET6_4Layer\STM32F407VET6_4Layer_Sheet.SchDoc with R0603 from MyCompLib.SchLib
Replace Part R21 R0603 in D:\Project_Altium\STM32F407VET6_4Layer\STM32F407VET6_4Layer_Sheet.SchDoc with R0603 from MyCompLib.SchLib
Replace Part R22 R0603 in D:\Project_Altium\STM32F407VET6_4Layer\STM32F407VET6_4Layer_Sheet.SchDoc with R0603 from MyCompLib.SchLib
Replace Part R23 R0805 in D:\Project_Altium\STM32F407VET6_4Layer\STM32F407VET6_4Layer_Sheet.SchDoc with R0805 from MyCompLib.SchLib
Replace Part R24 R0805 in D:\Project_Altium\STM32F407VET6_4Layer\STM32F407VET6_4Layer_Sheet.SchDoc with R0805 from MyCompLib.SchLib
Replace Part R25 R0805 in D:\Project_Altium\STM32F407VET6_4Layer\STM32F407VET6_4Layer_Sheet.SchDoc with R0805 from MyCompLib.SchLib
Replace Part R26 R0805 in D:\Project_Altium\STM32F407VET6_4Layer\STM32F407VET6_4Layer_Sheet.SchDoc with R0805 from MyCompLib.SchLib
Replace Part R27 R0805 in D:\Project_Altium\STM32F407VET6_4Layer\STM32F407VET6_4Layer_Sheet.SchDoc with R0805 from MyCompLib.SchLib
Replace Part R28 R0805 in D:\Project_Altium\STM32F407VET6_4Layer\STM32F407VET6_4Layer_Sheet.SchDoc with R0805 from MyCompLib.SchLib
Replace Part R29 R0603 in D:\Project_Altium\STM32F407VET6_4Layer\STM32F407VET6_4Layer_Sheet.SchDoc with R0603 from MyCompLib.SchLib
Replace Part R30 R0805 in D:\Project_Altium\STM32F407VET6_4Layer\STM32F407VET6_4Layer_Sheet.SchDoc with R0805 from MyCompLib.SchLib
Replace Part R31 R0805 in D:\Project_Altium\STM32F407VET6_4Layer\STM32F407VET6_4Layer_Sheet.SchDoc with R0805 from MyCompLib.SchLib
Replace Part R32 R0805 in D:\Project_Altium\STM32F407VET6_4Layer\STM32F407VET6_4Layer_Sheet.SchDoc with R0805 from MyCompLib.SchLib
Replace Part R33 R0805 in D:\Project_Altium\STM32F407VET6_4Layer\STM32F407VET6_4Layer_Sheet.SchDoc with R0805 from MyCompLib.SchLib
Replace Part R34 R0805 in D:\Project_Altium\STM32F407VET6_4Layer\STM32F407VET6_4Layer_Sheet.SchDoc with R0805 from MyCompLib.SchLib
Replace Part R35 R0805 in D:\Project_Altium\STM32F407VET6_4Layer\STM32F407VET6_4Layer_Sheet.SchDoc with R0805 from MyCompLib.SchLib
Replace Part R36 R0805 in D:\Project_Altium\STM32F407VET6_4Layer\STM32F407VET6_4Layer_Sheet.SchDoc with R0805 from MyCompLib.SchLib
Replace Part R37 R0805 in D:\Project_Altium\STM32F407VET6_4Layer\STM32F407VET6_4Layer_Sheet.SchDoc with R0805 from MyCompLib.SchLib
Replace Part R38 R0603 in D:\Project_Altium\STM32F407VET6_4Layer\STM32F407VET6_4Layer_Sheet.SchDoc with R0603 from MyCompLib.SchLib
Replace Part R39 R0603 in D:\Project_Altium\STM32F407VET6_4Layer\STM32F407VET6_4Layer_Sheet.SchDoc with R0603 from MyCompLib.SchLib
Replace Part R40 R0805 in D:\Project_Altium\STM32F407VET6_4Layer\STM32F407VET6_4Layer_Sheet.SchDoc with R0805 from MyCompLib.SchLib
Replace Part R41 R0603 in D:\Project_Altium\STM32F407VET6_4Layer\STM32F407VET6_4Layer_Sheet.SchDoc with R0603 from MyCompLib.SchLib
Replace Part R42 R0805 in D:\Project_Altium\STM32F407VET6_4Layer\STM32F407VET6_4Layer_Sheet.SchDoc with R0805 from MyCompLib.SchLib
Replace Part R43 R0805 in D:\Project_Altium\STM32F407VET6_4Layer\STM32F407VET6_4Layer_Sheet.SchDoc with R0805 from MyCompLib.SchLib
Replace Part R44 R0603 in D:\Project_Altium\STM32F407VET6_4Layer\STM32F407VET6_4Layer_Sheet.SchDoc with R0603 from MyCompLib.SchLib
Replace Part R45 R0805 in D:\Project_Altium\STM32F407VET6_4Layer\STM32F407VET6_4Layer_Sheet.SchDoc with R0805 from MyCompLib.SchLib
Replace Part R46 R0805 in D:\Project_Altium\STM32F407VET6_4Layer\STM32F407VET6_4Layer_Sheet.SchDoc with R0805 from MyCompLib.SchLib
Replace Part R47 R0805 in D:\Project_Altium\STM32F407VET6_4Layer\STM32F407VET6_4Layer_Sheet.SchDoc with R0805 from MyCompLib.SchLib
Replace Part R48 R0805 in D:\Project_Altium\STM32F407VET6_4Layer\STM32F407VET6_4Layer_Sheet.SchDoc with R0805 from MyCompLib.SchLib
Replace Part R49 R0805 in D:\Project_Altium\STM32F407VET6_4Layer\STM32F407VET6_4Layer_Sheet.SchDoc with R0805 from MyCompLib.SchLib
Replace Part R50 R0805 in D:\Project_Altium\STM32F407VET6_4Layer\STM32F407VET6_4Layer_Sheet.SchDoc with R0805 from MyCompLib.SchLib
Replace Part R51 R0603 in D:\Project_Altium\STM32F407VET6_4Layer\STM32F407VET6_4Layer_Sheet.SchDoc with R0603 from MyCompLib.SchLib
Replace Part R52 R0805 in D:\Project_Altium\STM32F407VET6_4Layer\STM32F407VET6_4Layer_Sheet.SchDoc with R0805 from MyCompLib.SchLib
Replace Part R53 R0603 in D:\Project_Altium\STM32F407VET6_4Layer\STM32F407VET6_4Layer_Sheet.SchDoc with R0603 from MyCompLib.SchLib
Replace Part R54 R0603 in D:\Project_Altium\STM32F407VET6_4Layer\STM32F407VET6_4Layer_Sheet.SchDoc with R0603 from MyCompLib.SchLib
Replace Part R55 R0603 in D:\Project_Altium\STM32F407VET6_4Layer\STM32F407VET6_4Layer_Sheet.SchDoc with R0603 from MyCompLib.SchLib
Replace Part R56 R0603 in D:\Project_Altium\STM32F407VET6_4Layer\STM32F407VET6_4Layer_Sheet.SchDoc with R0603 from MyCompLib.SchLib
Replace Part R57 R0603 in D:\Project_Altium\STM32F407VET6_4Layer\STM32F407VET6_4Layer_Sheet.SchDoc with R0603 from MyCompLib.SchLib
Replace Part R58 R0805 in D:\Project_Altium\STM32F407VET6_4Layer\STM32F407VET6_4Layer_Sheet.SchDoc with R0805 from MyCompLib.SchLib
Replace Part R59 R0603 in D:\Project_Altium\STM32F407VET6_4Layer\STM32F407VET6_4Layer_Sheet.SchDoc with R0603 from MyCompLib.SchLib
Replace Part R60 R0603 in D:\Project_Altium\STM32F407VET6_4Layer\STM32F407VET6_4Layer_Sheet.SchDoc with R0603 from MyCompLib.SchLib
Replace Part R61 R0805 in D:\Project_Altium\STM32F407VET6_4Layer\STM32F407VET6_4Layer_Sheet.SchDoc with R0805 from MyCompLib.SchLib
Replace Part R62 R0603 in D:\Project_Altium\STM32F407VET6_4Layer\STM32F407VET6_4Layer_Sheet.SchDoc with R0603 from MyCompLib.SchLib
Replace Part R63 R0805 in D:\Project_Altium\STM32F407VET6_4Layer\STM32F407VET6_4Layer_Sheet.SchDoc with R0805 from MyCompLib.SchLib
Replace Part R64 R0603 in D:\Project_Altium\STM32F407VET6_4Layer\STM32F407VET6_4Layer_Sheet.SchDoc with R0603 from MyCompLib.SchLib
Replace Part R65 R0805 in D:\Project_Altium\STM32F407VET6_4Layer\STM32F407VET6_4Layer_Sheet.SchDoc with R0805 from MyCompLib.SchLib
Replace Part R66 R0603 in D:\Project_Altium\STM32F407VET6_4Layer\STM32F407VET6_4Layer_Sheet.SchDoc with R0603 from MyCompLib.SchLib
Replace Part R67 R0603 in D:\Project_Altium\STM32F407VET6_4Layer\STM32F407VET6_4Layer_Sheet.SchDoc with R0603 from MyCompLib.SchLib
Replace Part R68 R1206 in D:\Project_Altium\STM32F407VET6_4Layer\STM32F407VET6_4Layer_Sheet.SchDoc with R1206 from MyCompLib.SchLib
Replace Part R69 R0805 in D:\Project_Altium\STM32F407VET6_4Layer\STM32F407VET6_4Layer_Sheet.SchDoc with R0805 from MyCompLib.SchLib
Replace Part R70 R0805 in D:\Project_Altium\STM32F407VET6_4Layer\STM32F407VET6_4Layer_Sheet.SchDoc with R0805 from MyCompLib.SchLib
Replace Part S1 1437566-3 in D:\Project_Altium\STM32F407VET6_4Layer\STM32F407VET6_4Layer_Sheet.SchDoc with 1437566-3 from MyCompLib.SchLib
Replace Part S2 DM-08-V in D:\Project_Altium\STM32F407VET6_4Layer\STM32F407VET6_4Layer_Sheet.SchDoc with DM-08-V from MyCompLib.SchLib
Replace Part VD1 SM15T39CA in D:\Project_Altium\STM32F407VET6_4Layer\STM32F407VET6_4Layer_Sheet.SchDoc with SM15T39CA from MyCompLib.SchLib
Replace Part VD2 SP0503BAHTG in D:\Project_Altium\STM32F407VET6_4Layer\STM32F407VET6_4Layer_Sheet.SchDoc with SP0503BAHTG from MyCompLib.SchLib
Replace Part VD3 VS-30BQ040 in D:\Project_Altium\STM32F407VET6_4Layer\STM32F407VET6_4Layer_Sheet.SchDoc with VS-30BQ040 from MyCompLib.SchLib
Replace Part VD4 MBR130LSFT1G in D:\Project_Altium\STM32F407VET6_4Layer\STM32F407VET6_4Layer_Sheet.SchDoc with MBR130LSFT1G from MyCompLib.SchLib
Replace Part VD5 SP0503BAHTG in D:\Project_Altium\STM32F407VET6_4Layer\STM32F407VET6_4Layer_Sheet.SchDoc with SP0503BAHTG from MyCompLib.SchLib
Replace Part VD6 SS34 in D:\Project_Altium\STM32F407VET6_4Layer\STM32F407VET6_4Layer_Sheet.SchDoc with SS34 from MyCompLib.SchLib
Replace Part VD7 BAT54C in D:\Project_Altium\STM32F407VET6_4Layer\STM32F407VET6_4Layer_Sheet.SchDoc with BAT54C from MyCompLib.SchLib
Replace Part VD8 SP0504BAHT in D:\Project_Altium\STM32F407VET6_4Layer\STM32F407VET6_4Layer_Sheet.SchDoc with SP0504BAHT from MyCompLib.SchLib
Replace Part VT1 MMBT3904.215 in D:\Project_Altium\STM32F407VET6_4Layer\STM32F407VET6_4Layer_Sheet.SchDoc with MMBT3904.215 from MyCompLib.SchLib
Replace Part X1 MSUB-05 (DS1104) in D:\Project_Altium\STM32F407VET6_4Layer\STM32F407VET6_4Layer_Sheet.SchDoc with MSUB-05 (DS1104) from MyCompLib.SchLib
Replace Part X2 309-021-12 in D:\Project_Altium\STM32F407VET6_4Layer\STM32F407VET6_4Layer_Sheet.SchDoc with 309-021-12 from MyCompLib.SchLib
Replace Part X3 DS1021_1x2 in D:\Project_Altium\STM32F407VET6_4Layer\STM32F407VET6_4Layer_Sheet.SchDoc with DS1021_1x2 from MyCompLib.SchLib
Replace Part X4 microSD_500901-0801 in D:\Project_Altium\STM32F407VET6_4Layer\STM32F407VET6_4Layer_Sheet.SchDoc with microSD_500901-0801 from MyCompLib.SchLib
Replace Part X5 DRB- 9FA (DS1037-9F) in D:\Project_Altium\STM32F407VET6_4Layer\STM32F407VET6_4Layer_Sheet.SchDoc with DRB- 9FA (DS1037-9F) from MyCompLib.SchLib
Replace Part X6 DS1021_1x2 in D:\Project_Altium\STM32F407VET6_4Layer\STM32F407VET6_4Layer_Sheet.SchDoc with DS1021_1x2 from MyCompLib.SchLib
Replace Part X7 DRB- 9FA (DS1037-9F) in D:\Project_Altium\STM32F407VET6_4Layer\STM32F407VET6_4Layer_Sheet.SchDoc with DRB- 9FA (DS1037-9F) from MyCompLib.SchLib
Replace Part X8 DS1021_2x3 in D:\Project_Altium\STM32F407VET6_4Layer\STM32F407VET6_4Layer_Sheet.SchDoc with DS1021_2x3 from MyCompLib.SchLib
Replace Part X9 DS1021_2x4 in D:\Project_Altium\STM32F407VET6_4Layer\STM32F407VET6_4Layer_Sheet.SchDoc with DS1021_2x4 from MyCompLib.SchLib
Replace Part X10 DS1021_1x4 in D:\Project_Altium\STM32F407VET6_4Layer\STM32F407VET6_4Layer_Sheet.SchDoc with DS1021_1x4 from MyCompLib.SchLib
Replace Part X11 B16B-PHDSS in D:\Project_Altium\STM32F407VET6_4Layer\STM32F407VET6_4Layer_Sheet.SchDoc with B16B-PHDSS from MyCompLib.SchLib
Replace Part X12 RJ45 J0011D018 in D:\Project_Altium\STM32F407VET6_4Layer\STM32F407VET6_4Layer_Sheet.SchDoc with RJ45 J0011D018 from MyCompLib.SchLib
