Change Component Footprint: Designator=R26 Old Footprint=R_SMD0805 New Footprint=C_SMD0805
Change Component Footprint: Designator=R31 Old Footprint=R_SMD0805 New Footprint=C_SMD0805
Change Component Footprint: Designator=BQ1 Old Footprint=R_SMD0805 New Footprint=FC-135
Change Component Comment : Designator=R39 Old Comment=0603 New Comment=0603 1k
Change Component Comment : Designator=C32 Old Comment=0603 New Comment=0603 2.2uF
Change Component Comment : Designator=R44 Old Comment=0603 New Comment=0603 4.7k 1%
Change Component Comment : Designator=R10 Old Comment=0603 New Comment=0603 10k
Change Component Comment : Designator=R11 Old Comment=0603 New Comment=0603 10k
Change Component Comment : Designator=R12 Old Comment=0603 New Comment=0603 10k
Change Component Comment : Designator=R13 Old Comment=0603 New Comment=0603 10k
Change Component Comment : Designator=R14 Old Comment=0603 New Comment=0603 10k
Change Component Comment : Designator=R15 Old Comment=0603 New Comment=0603 10k
Change Component Comment : Designator=R17 Old Comment=0603 New Comment=0603 10k
Change Component Comment : Designator=R18 Old Comment=0603 New Comment=0603 10k
Change Component Comment : Designator=R29 Old Comment=0603 New Comment=0603 10k
Change Component Comment : Designator=R38 Old Comment=0603 New Comment=0603 10k
Change Component Comment : Designator=R41 Old Comment=0603 New Comment=0603 10k
Change Component Comment : Designator=R54 Old Comment=0603 New Comment=0603 10k
Change Component Comment : Designator=R55 Old Comment=0603 New Comment=0603 10k
Change Component Comment : Designator=R56 Old Comment=0603 New Comment=0603 10k
Change Component Comment : Designator=R57 Old Comment=0603 New Comment=0603 10k
Change Component Comment : Designator=R59 Old Comment=0603 New Comment=0603 10k
Change Component Comment : Designator=R60 Old Comment=0603 New Comment=0603 10k
Change Component Comment : Designator=R62 Old Comment=0603 New Comment=0603 10k
Change Component Comment : Designator=R64 Old Comment=0603 New Comment=0603 10k
Change Component Comment : Designator=R66 Old Comment=0603 New Comment=0603 10k
Change Component Comment : Designator=R67 Old Comment=0603 New Comment=0603 10k
Change Component Comment : Designator=C1 Old Comment=0603 New Comment=0603 10uF
Change Component Comment : Designator=C15 Old Comment=0603 New Comment=0603 15pF
Change Component Comment : Designator=C16 Old Comment=0603 New Comment=0603 15pF
Change Component Comment : Designator=R6 Old Comment=0603 New Comment=0603 27
Change Component Comment : Designator=R7 Old Comment=0603 New Comment=0603 27
Change Component Comment : Designator=R1 Old Comment=0603 New Comment=0603 100k
Change Component Comment : Designator=R2 Old Comment=0603 New Comment=0603 100k
Change Component Comment : Designator=R5 Old Comment=0603 New Comment=0603 100k
Change Component Comment : Designator=C2 Old Comment=0603 New Comment=0603 100nF
Change Component Comment : Designator=C3 Old Comment=0603 New Comment=0603 100nF
Change Component Comment : Designator=C10 Old Comment=0603 New Comment=0603 100nF
Change Component Comment : Designator=C11 Old Comment=0603 New Comment=0603 100nF
Change Component Comment : Designator=C22 Old Comment=0603 New Comment=0603 100nF
Change Component Comment : Designator=C24 Old Comment=0603 New Comment=0603 100nF
Change Component Comment : Designator=C27 Old Comment=0603 New Comment=0603 100nF
Change Component Comment : Designator=C35 Old Comment=0603 New Comment=0603 100nF
Change Component Comment : Designator=C44 Old Comment=0603 New Comment=0603 100nF
Change Component Comment : Designator=R21 Old Comment=0603 New Comment=0603 120
Change Component Comment : Designator=R53 Old Comment=0603 New Comment=0603 18 1%
Change Component Comment : Designator=R20 Old Comment=0603 New Comment=0603 560
Change Component Comment : Designator=R22 Old Comment=0603 New Comment=0603 560
Change Component Comment : Designator=R51 Old Comment=0603 New Comment=0603 150 1%
Change Component Comment : Designator=R25 Old Comment=0805 New Comment=0805 (240 1%)
Change Component Comment : Designator=C6 Old Comment=0805 New Comment=0805 0.1uF 50V
Change Component Comment : Designator=C46 Old Comment=0805 New Comment=0805 0.1uF
Change Component Comment : Designator=C47 Old Comment=0805 New Comment=0805 0.1uF
Change Component Comment : Designator=C48 Old Comment=0805 New Comment=0805 0.1uF
Change Component Comment : Designator=C49 Old Comment=0805 New Comment=0805 0.1uF
Change Component Comment : Designator=C52 Old Comment=0805 New Comment=0805 0.1uF
Change Component Comment : Designator=R3 Old Comment=0805 New Comment=0805 0 / (10k)
Change Component Comment : Designator=R26 Old Comment=0805 New Comment=0805 0 Ohm
Change Component Comment : Designator=R45 Old Comment=0805 New Comment=0805 1.5k
Change Component Comment : Designator=R30 Old Comment=0805 New Comment=0805 1M
Change Component Comment : Designator=C34 Old Comment=0805 New Comment=0805 2.2uF
Change Component Comment : Designator=R35 Old Comment=0805 New Comment=0805 2k 1%
Change Component Comment : Designator=R42 Old Comment=0805 New Comment=0805 2k 1%
Change Component Comment : Designator=R43 Old Comment=0805 New Comment=0805 2k 1%
Change Component Comment : Designator=R46 Old Comment=0805 New Comment=0805 2k 1%
Change Component Comment : Designator=R47 Old Comment=0805 New Comment=0805 2k 1%
Change Component Comment : Designator=R48 Old Comment=0805 New Comment=0805 2k 1%
Change Component Comment : Designator=R49 Old Comment=0805 New Comment=0805 2k 1%
Change Component Comment : Designator=R50 Old Comment=0805 New Comment=0805 2k 1%
Change Component Comment : Designator=R52 Old Comment=0805 New Comment=0805 2k 1%
Change Component Comment : Designator=R16 Old Comment=0805 New Comment=0805 10k
Change Component Comment : Designator=R19 Old Comment=0805 New Comment=0805 10k
Change Component Comment : Designator=R28 Old Comment=0805 New Comment=0805 10k
Change Component Comment : Designator=R36 Old Comment=0805 New Comment=0805 10k
Change Component Comment : Designator=R37 Old Comment=0805 New Comment=0805 10k
Change Component Comment : Designator=R40 Old Comment=0805 New Comment=0805 10k
Change Component Comment : Designator=C45 Old Comment=0805 New Comment=0805 15pF
Change Component Comment : Designator=C37 Old Comment=0805 New Comment=0805 22pF
Change Component Comment : Designator=C38 Old Comment=0805 New Comment=0805 22pF
Change Component Comment : Designator=R27 Old Comment=0805 New Comment=0805 47
Change Component Comment : Designator=C4 Old Comment=0805 New Comment=0805 47pF
Change Component Comment : Designator=C5 Old Comment=0805 New Comment=0805 47pF
Change Component Comment : Designator=R58 Old Comment=0805 New Comment=0805 51
Change Component Comment : Designator=R61 Old Comment=0805 New Comment=0805 51
Change Component Comment : Designator=R63 Old Comment=0805 New Comment=0805 51
Change Component Comment : Designator=R65 Old Comment=0805 New Comment=0805 51
Change Component Comment : Designator=R31 Old Comment=0805 New Comment=0805 100k
Change Component Comment : Designator=C8 Old Comment=0805 New Comment=0805 100nF
Change Component Comment : Designator=C9 Old Comment=0805 New Comment=0805 100nF
Change Component Comment : Designator=C12 Old Comment=0805 New Comment=0805 100nF
Change Component Comment : Designator=C14 Old Comment=0805 New Comment=0805 100nF
Change Component Comment : Designator=C21 Old Comment=0805 New Comment=0805 100nF
Change Component Comment : Designator=C28 Old Comment=0805 New Comment=0805 100nF
Change Component Comment : Designator=C29 Old Comment=0805 New Comment=0805 100nF
Change Component Comment : Designator=C30 Old Comment=0805 New Comment=0805 100nF
Change Component Comment : Designator=C33 Old Comment=0805 New Comment=0805 100nF
Change Component Comment : Designator=C36 Old Comment=0805 New Comment=0805 100nF
Change Component Comment : Designator=C39 Old Comment=0805 New Comment=0805 100nF
Change Component Comment : Designator=C40 Old Comment=0805 New Comment=0805 100nF
Change Component Comment : Designator=C41 Old Comment=0805 New Comment=0805 100nF
Change Component Comment : Designator=C42 Old Comment=0805 New Comment=0805 100nF
Change Component Comment : Designator=C43 Old Comment=0805 New Comment=0805 100nF
Change Component Comment : Designator=C50 Old Comment=0805 New Comment=0805 100nF
Change Component Comment : Designator=C51 Old Comment=0805 New Comment=0805 100nF
Change Component Comment : Designator=R9 Old Comment=0805 New Comment=0805 120
Change Component Comment : Designator=R23 Old Comment=0805 New Comment=0805 200
Change Component Comment : Designator=R24 Old Comment=0805 New Comment=0805 200
Change Component Comment : Designator=R69 Old Comment=0805 New Comment=0805 240
Change Component Comment : Designator=R70 Old Comment=0805 New Comment=0805 240
Change Component Comment : Designator=R32 Old Comment=0805 New Comment=0805 130 1%
Change Component Comment : Designator=R33 Old Comment=0805 New Comment=0805 130 1%
Change Component Comment : Designator=R34 Old Comment=0805 New Comment=0805 130 1%
Change Component Comment : Designator=BQ1 Old Comment=0805 New Comment=FC-135_32.768KHZ-12.5
Change Component Comment : Designator=R68 Old Comment=1206 New Comment=1206 1M
Change Component Comment : Designator=C53 Old Comment=1206 New Comment=1206 100pF 1000V
Change Component Comment : Designator=R8 Old Comment=2512 New Comment=2512 1.5k 1%
Change Component Comment : Designator=S1 Old Comment=1437566-3 New Comment=1437566-3 (FSMSM)
Change Component Comment : Designator=D10 Old Comment=DP83848CVVNOPB New Comment=DP83848IVV (DP83848CVVNOPB)
Added Room: Name=STM32F407VET6_4Layer_Sheet
