Added Component: Designator=BQ1(R_SMD0805)
Added Component: Designator=BQ2(HC49SM)
Added Component: Designator=BQ3(CFPS-73)
Added Component: Designator=C1(C_SMD0603)
Added Component: Designator=C2(C_SMD0603)
Added Component: Designator=C3(C_SMD0603)
Added Component: Designator=C4(C_SMD0805)
Added Component: Designator=C5(C_SMD0805)
Added Component: Designator=C6(C_SMD0805)
Added Component: Designator=C7(EEEFK1H221P)
Added Component: Designator=C8(C_SMD0805)
Added Component: Designator=C9(C_SMD0805)
Added Component: Designator=C10(C_SMD0603)
Added Component: Designator=C11(C_SMD0603)
Added Component: Designator=C12(C_SMD0805)
Added Component: Designator=C13(EEEFK1H221P)
Added Component: Designator=C14(C_SMD0805)
Added Component: Designator=C15(C_SMD0603)
Added Component: Designator=C16(C_SMD0603)
Added Component: Designator=C17(TECAP_A)
Added Component: Designator=C18(TECAP_A)
Added Component: Designator=C19(TECAP_D)
Added Component: Designator=C20(TECAP_A)
Added Component: Designator=C21(C_SMD0805)
Added Component: Designator=C22(C_SMD0603)
Added Component: Designator=C23(TECAP_A)
Added Component: Designator=C24(C_SMD0603)
Added Component: Designator=C25(TECAP_A)
Added Component: Designator=C26(TECAP_A)
Added Component: Designator=C27(C_SMD0603)
Added Component: Designator=C28(C_SMD0805)
Added Component: Designator=C29(C_SMD0805)
Added Component: Designator=C30(C_SMD0805)
Added Component: Designator=C31(TECAP_A)
Added Component: Designator=C32(C_SMD0603)
Added Component: Designator=C33(C_SMD0805)
Added Component: Designator=C34(C_SMD0805)
Added Component: Designator=C35(C_SMD0603)
Added Component: Designator=C36(C_SMD0805)
Added Component: Designator=C37(C_SMD0805)
Added Component: Designator=C38(C_SMD0805)
Added Component: Designator=C39(C_SMD0805)
Added Component: Designator=C40(C_SMD0805)
Added Component: Designator=C41(C_SMD0805)
Added Component: Designator=C42(C_SMD0805)
Added Component: Designator=C43(C_SMD0805)
Added Component: Designator=C44(C_SMD0603)
Added Component: Designator=C45(C_SMD0805)
Added Component: Designator=C46(C_SMD0805)
Added Component: Designator=C47(C_SMD0805)
Added Component: Designator=C48(C_SMD0805)
Added Component: Designator=C49(C_SMD0805)
Added Component: Designator=C50(C_SMD0805)
Added Component: Designator=C51(C_SMD0805)
Added Component: Designator=C52(C_SMD0805)
Added Component: Designator=C53(C_SMD1206)
Added Component: Designator=C54(TECAP_A)
Added Component: Designator=D1(SOIC8(5.3mm))
Added Component: Designator=D2(SOIC8 (SO-8))
Added Component: Designator=D3(SOIC8 (SO-8))
Added Component: Designator=D4(SSOP16)
Added Component: Designator=D5(TO263-5)
Added Component: Designator=D6(SOIC8 (SO-8))
Added Component: Designator=D7(SOT223)
Added Component: Designator=D8(STM-LQFP100_N)
Add component (AddParameter): Name = "ComponentLink1Description"; Value = "Manufacturer URL"; VariantName = "[No Variations]"
Add component (AddParameter): Name = "ComponentLink1URL"; Value = "http://www.st.com/web/en/home.html"; VariantName = "[No Variations]"
Add component (AddParameter): Name = "ComponentLink2Description"; Value = "Datasheet"; VariantName = "[No Variations]"
Add component (AddParameter): Name = "ComponentLink2URL"; Value = "http://www.st.com/st-web-ui/static/active/en/resource/technical/document/datasheet/DM00037051.pdf"; VariantName = "[No Variations]"
Add component (AddParameter): Name = "ComponentLink3Description"; Value = "Package Specification"; VariantName = "[No Variations]"
Add component (AddParameter): Name = "ComponentLink3URL"; Value = "http://www.st.com/st-web-ui/static/active/en/resource/technical/document/data_brief/DM00071938.pdf"; VariantName = "[No Variations]"
Add component (AddParameter): Name = "Core"; Value = "ARM Cortex-M4"; VariantName = "[No Variations]"
Add component (AddParameter): Name = "D/A Converter"; Value = "2x12-bit"; VariantName = "[No Variations]"
Add component (AddParameter): Name = "DatasheetVersion"; Value = "Rev. 4"; VariantName = "[No Variations]"
Add component (AddParameter): Name = "FLASH Size (Prog) (kB)"; Value = "512"; VariantName = "[No Variations]"
Add component (AddParameter): Name = "I/Os (High Current)"; Value = "82"; VariantName = "[No Variations]"
Add component (AddParameter): Name = "Internal RAM Size (kB)"; Value = "192"; VariantName = "[No Variations]"
Add component (AddParameter): Name = "Manufacturer"; Value = "STMicroelectronics"; VariantName = "[No Variations]"
Add component (AddParameter): Name = "Mounting Technology"; Value = "Surface Mount"; VariantName = "[No Variations]"
Add component (AddParameter): Name = "Operating Frequency(F) (Processor speed) (MHz)"; Value = "168"; VariantName = "[No Variations]"
Add component (AddParameter): Name = "PackageDescription"; Value = "100-Pin Low Profile Quad Flat Package, 14 x 14 mm Body, 0.5 mm Pitch"; VariantName = "[No Variations]"
Add component (AddParameter): Name = "PackageReference"; Value = "LQFP100"; VariantName = "[No Variations]"
Add component (AddParameter): Name = "PackageVersion"; Value = "Rev. 1, 06/2013"; VariantName = "[No Variations]"
Add component (AddParameter): Name = "Packing"; Value = "Tray"; VariantName = "[No Variations]"
Add component (AddParameter): Name = "PartNumber"; Value = "STM32F407VET6"; VariantName = "[No Variations]"
Add component (AddParameter): Name = "Supplier 1"; Value = "Digi-Key"; VariantName = "[No Variations]"
Add component (AddParameter): Name = "Supplier 2"; Value = "Farnell"; VariantName = "[No Variations]"
Add component (AddParameter): Name = "Supplier 3"; Value = "Newark"; VariantName = "[No Variations]"
Add component (AddParameter): Name = "Supplier 4"; Value = "Mouser"; VariantName = "[No Variations]"
Add component (AddParameter): Name = "Supplier Part Number 1"; Value = "497-12075-ND"; VariantName = "[No Variations]"
Add component (AddParameter): Name = "Supplier Part Number 2"; Value = "2064367"; VariantName = "[No Variations]"
Add component (AddParameter): Name = "Supplier Part Number 3"; Value = "73T2332"; VariantName = "[No Variations]"
Add component (AddParameter): Name = "Supplier Part Number 4"; Value = "511-STM32F407VET6"; VariantName = "[No Variations]"
Add component (AddParameter): Name = "Supply Voltage(Vcc) max (V)"; Value = "3.6"; VariantName = "[No Variations]"
Add component (AddParameter): Name = "Supply Voltage(Vcc) min (V)"; Value = "1.8"; VariantName = "[No Variations]"
Added Component: Designator=D9(SOIC-16)
Added Component: Designator=D10(QFP48)
Added Component: Designator=F1(MF-SM075/60)
Added Component: Designator=F2(FUSE1812x0)
Added Component: Designator=G1(HC090xA)
Added Component: Designator=HL1(LED0254)
Added Component: Designator=HL2(LED_SMD1608GREEN)
Added Component: Designator=HL3(LED_SMD1608)
Added Component: Designator=HL4(LED0254)
Added Component: Designator=HL5(LED0254)
Added Component: Designator=HL6(LED0254)
Added Component: Designator=J1(BK-912-TR)
Added Component: Designator=L1(SRR1208)
Added Component: Designator=L2(INDPM4532)
Added Component: Designator=R1(R_SMD0603)
Added Component: Designator=R2(R_SMD0603)
Added Component: Designator=R3(R_SMD0805)
Added Component: Designator=R4(KNP2WS)
Added Component: Designator=R5(R_SMD0603)
Added Component: Designator=R6(R_SMD0603)
Added Component: Designator=R7(R_SMD0603)
Added Component: Designator=R8(R_SMD2512)
Added Component: Designator=R9(R_SMD0805)
Added Component: Designator=R10(R_SMD0603)
Added Component: Designator=R11(R_SMD0603)
Added Component: Designator=R12(R_SMD0603)
Added Component: Designator=R13(R_SMD0603)
Added Component: Designator=R14(R_SMD0603)
Added Component: Designator=R15(R_SMD0603)
Added Component: Designator=R16(R_SMD0805)
Added Component: Designator=R17(R_SMD0603)
Added Component: Designator=R18(R_SMD0603)
Added Component: Designator=R19(R_SMD0805)
Added Component: Designator=R20(R_SMD0603)
Added Component: Designator=R21(R_SMD0603)
Added Component: Designator=R22(R_SMD0603)
Added Component: Designator=R23(R_SMD0805)
Added Component: Designator=R24(R_SMD0805)
Added Component: Designator=R25(R_SMD0805)
Added Component: Designator=R26(R_SMD0805)
Added Component: Designator=R27(R_SMD0805)
Added Component: Designator=R28(R_SMD0805)
Added Component: Designator=R29(R_SMD0603)
Added Component: Designator=R30(R_SMD0805)
Added Component: Designator=R31(R_SMD0805)
Added Component: Designator=R32(R_SMD0805)
Added Component: Designator=R33(R_SMD0805)
Added Component: Designator=R34(R_SMD0805)
Added Component: Designator=R35(R_SMD0805)
Added Component: Designator=R36(R_SMD0805)
Added Component: Designator=R37(R_SMD0805)
Added Component: Designator=R38(R_SMD0603)
Added Component: Designator=R39(R_SMD0603)
Added Component: Designator=R40(R_SMD0805)
Added Component: Designator=R41(R_SMD0603)
Added Component: Designator=R42(R_SMD0805)
Added Component: Designator=R43(R_SMD0805)
Added Component: Designator=R44(R_SMD0603)
Added Component: Designator=R45(R_SMD0805)
Added Component: Designator=R46(R_SMD0805)
Added Component: Designator=R47(R_SMD0805)
Added Component: Designator=R48(R_SMD0805)
Added Component: Designator=R49(R_SMD0805)
Added Component: Designator=R50(R_SMD0805)
Added Component: Designator=R51(R_SMD0603)
Added Component: Designator=R52(R_SMD0805)
Added Component: Designator=R53(R_SMD0603)
Added Component: Designator=R54(R_SMD0603)
Added Component: Designator=R55(R_SMD0603)
Added Component: Designator=R56(R_SMD0603)
Added Component: Designator=R57(R_SMD0603)
Added Component: Designator=R58(R_SMD0805)
Added Component: Designator=R59(R_SMD0603)
Added Component: Designator=R60(R_SMD0603)
Added Component: Designator=R61(R_SMD0805)
Added Component: Designator=R62(R_SMD0603)
Added Component: Designator=R63(R_SMD0805)
Added Component: Designator=R64(R_SMD0603)
Added Component: Designator=R65(R_SMD0805)
Added Component: Designator=R66(R_SMD0603)
Added Component: Designator=R67(R_SMD0603)
Added Component: Designator=R68(R_SMD1206)
Added Component: Designator=R69(R_SMD0805)
Added Component: Designator=R70(R_SMD0805)
Added Component: Designator=S1(1437566-3)
Added Component: Designator=S2(DM-08-V)
Added Component: Designator=VD1(DO214AB SMC)
Added Component: Designator=VD2(SP0503BAHTG)
Added Component: Designator=VD3(DO214AB SMC)
Added Component: Designator=VD4(SOD-123FL)
Added Component: Designator=VD5(SP0503BAHTG)
Added Component: Designator=VD6(DO214AB SMC)
Added Component: Designator=VD7(BAT54C_SOT23-3)
Added Component: Designator=VD8(SOT23-5)
Added Component: Designator=VT1(SOT23)
Added Component: Designator=X1(MUSB-05-S-B-SM)
Added Component: Designator=X2(390-021-12)
Added Component: Designator=X3(PLD2)
Added Component: Designator=X4(5009001-0801)
Added Component: Designator=X5(DRB- 9FA)
Added Component: Designator=X6(PLD2)
Added Component: Designator=X7(DRB- 9FA)
Added Component: Designator=X8(PLD2-3)
Added Component: Designator=X9(PLD2-4)
Added Component: Designator=X10(PLD1X4)
Added Component: Designator=X11(PHD16)
Added Component: Designator=X12(J0011D018)
Added Pin To Net: NetName=3V3 Pin=BQ3-4
Added Pin To Net: NetName=3V3 Pin=C2-2
Added Pin To Net: NetName=3V3 Pin=C3-1
Added Pin To Net: NetName=3V3 Pin=C10-1
Added Pin To Net: NetName=3V3 Pin=C11-1
Added Pin To Net: NetName=3V3 Pin=C19-1
Added Pin To Net: NetName=3V3 Pin=C20-2
Added Pin To Net: NetName=3V3 Pin=C22-2
Added Pin To Net: NetName=3V3 Pin=C23-1
Added Pin To Net: NetName=3V3 Pin=C24-2
Added Pin To Net: NetName=3V3 Pin=C27-2
Added Pin To Net: NetName=3V3 Pin=D1-3
Added Pin To Net: NetName=3V3 Pin=D1-5
Added Pin To Net: NetName=3V3 Pin=D1-6
Added Pin To Net: NetName=3V3 Pin=D2-8
Added Pin To Net: NetName=3V3 Pin=D6-8
Added Pin To Net: NetName=3V3 Pin=D7-2
Added Pin To Net: NetName=3V3 Pin=D8-11
Added Pin To Net: NetName=3V3 Pin=D8-19
Added Pin To Net: NetName=3V3 Pin=D8-28
Added Pin To Net: NetName=3V3 Pin=D8-50
Added Pin To Net: NetName=3V3 Pin=D8-75
Added Pin To Net: NetName=3V3 Pin=D8-100
Added Pin To Net: NetName=3V3 Pin=D9-16
Added Pin To Net: NetName=3V3 Pin=D10-22
Added Pin To Net: NetName=3V3 Pin=D10-32
Added Pin To Net: NetName=3V3 Pin=D10-48
Added Pin To Net: NetName=3V3 Pin=R1-2
Added Pin To Net: NetName=3V3 Pin=R2-2
Added Pin To Net: NetName=3V3 Pin=R10-2
Added Pin To Net: NetName=3V3 Pin=R12-2
Added Pin To Net: NetName=3V3 Pin=R13-2
Added Pin To Net: NetName=3V3 Pin=R14-2
Added Pin To Net: NetName=3V3 Pin=R15-2
Added Pin To Net: NetName=3V3 Pin=R17-2
Added Pin To Net: NetName=3V3 Pin=R18-2
Added Pin To Net: NetName=3V3 Pin=R22-1
Added Pin To Net: NetName=3V3 Pin=R31-2
Added Pin To Net: NetName=3V3 Pin=R32-1
Added Pin To Net: NetName=3V3 Pin=R33-1
Added Pin To Net: NetName=3V3 Pin=R34-1
Added Pin To Net: NetName=3V3 Pin=R35-2
Added Pin To Net: NetName=3V3 Pin=R36-2
Added Pin To Net: NetName=3V3 Pin=R37-2
Added Pin To Net: NetName=3V3 Pin=R38-2
Added Pin To Net: NetName=3V3 Pin=R40-2
Added Pin To Net: NetName=3V3 Pin=R42-2
Added Pin To Net: NetName=3V3 Pin=R43-2
Added Pin To Net: NetName=3V3 Pin=R45-2
Added Pin To Net: NetName=3V3 Pin=R46-2
Added Pin To Net: NetName=3V3 Pin=R47-2
Added Pin To Net: NetName=3V3 Pin=R48-2
Added Pin To Net: NetName=3V3 Pin=R49-2
Added Pin To Net: NetName=3V3 Pin=R50-2
Added Pin To Net: NetName=3V3 Pin=R52-2
Added Pin To Net: NetName=3V3 Pin=R54-2
Added Pin To Net: NetName=3V3 Pin=R55-2
Added Pin To Net: NetName=3V3 Pin=R56-2
Added Pin To Net: NetName=3V3 Pin=R57-2
Added Pin To Net: NetName=3V3 Pin=R58-2
Added Pin To Net: NetName=3V3 Pin=R59-2
Added Pin To Net: NetName=3V3 Pin=R60-2
Added Pin To Net: NetName=3V3 Pin=R61-2
Added Pin To Net: NetName=3V3 Pin=R62-2
Added Pin To Net: NetName=3V3 Pin=R63-2
Added Pin To Net: NetName=3V3 Pin=R64-2
Added Pin To Net: NetName=3V3 Pin=R65-2
Added Pin To Net: NetName=3V3 Pin=R66-2
Added Pin To Net: NetName=3V3 Pin=R67-2
Added Pin To Net: NetName=3V3 Pin=R69-2
Added Pin To Net: NetName=3V3 Pin=R70-2
Added Pin To Net: NetName=3V3 Pin=VD7-2
Added Pin To Net: NetName=3V3 Pin=X4-4
Added Pin To Net: NetName=3V3 Pin=X5-1
Added Pin To Net: NetName=3V3 Pin=X7-1
Added Pin To Net: NetName=3V3 Pin=X8-1
Added Pin To Net: NetName=3V3 Pin=X8-2
Added Pin To Net: NetName=3V3 Pin=X9-1
Added Pin To Net: NetName=3V3 Pin=X9-3
Added Pin To Net: NetName=3V3 Pin=X11-11
Added Pin To Net: NetName=3V3 Pin=X11-12
Added Pin To Net: NetName=3V3 Pin=X12-4
Added Pin To Net: NetName=3V3 Pin=X12-5
Added Net: Name=3V3
Added Pin To Net: NetName=5V Pin=C13-1
Added Pin To Net: NetName=5V Pin=C14-2
Added Pin To Net: NetName=5V Pin=C44-2
Added Pin To Net: NetName=5V Pin=D7-3
Added Pin To Net: NetName=5V Pin=G1-+
Added Pin To Net: NetName=5V Pin=R26-2
Added Pin To Net: NetName=5V Pin=VD4-C
Added Pin To Net: NetName=5V Pin=X5-9
Added Pin To Net: NetName=5V Pin=X7-9
Added Pin To Net: NetName=5V Pin=X10-4
Added Pin To Net: NetName=5V Pin=X11-13
Added Pin To Net: NetName=5V Pin=X11-14
Added Net: Name=5V
Added Pin To Net: NetName=50MHz Pin=BQ3-3
Added Pin To Net: NetName=50MHz Pin=D8-24
Added Pin To Net: NetName=50MHz Pin=D10-34
Added Net: Name=50MHz
Added Pin To Net: NetName=BOOT0 Pin=R29-2
Added Pin To Net: NetName=BOOT0 Pin=X8-4
Added Net: Name=BOOT0
Added Pin To Net: NetName=BOOT1 Pin=R28-2
Added Pin To Net: NetName=BOOT1 Pin=X8-3
Added Net: Name=BOOT1
Added Pin To Net: NetName=CAN1_Rx Pin=D8-70
Added Net: Name=CAN1_Rx
Added Pin To Net: NetName=CAN1_Tx Pin=D8-71
Added Net: Name=CAN1_Tx
Added Pin To Net: NetName=CAN_N Pin=R9-1
Added Pin To Net: NetName=CAN_N Pin=X5-2
Added Net: Name=CAN_N
Added Pin To Net: NetName=CAN_P Pin=X3-2
Added Pin To Net: NetName=CAN_P Pin=X5-7
Added Net: Name=CAN_P
Added Pin To Net: NetName=CAN_Rs Pin=D8-43
Added Pin To Net: NetName=CAN_Rs Pin=R3-2
Added Net: Name=CAN_Rs
Added Pin To Net: NetName=EEP_CS Pin=D2-1
Added Pin To Net: NetName=EEP_CS Pin=D8-39
Added Pin To Net: NetName=EEP_CS Pin=R1-1
Added Net: Name=EEP_CS
Added Pin To Net: NetName=GND Pin=BQ3-2
Added Pin To Net: NetName=GND Pin=C1-1
Added Pin To Net: NetName=GND Pin=C2-1
Added Pin To Net: NetName=GND Pin=C3-2
Added Pin To Net: NetName=GND Pin=C10-2
Added Pin To Net: NetName=GND Pin=C11-2
Added Pin To Net: NetName=GND Pin=C14-1
Added Pin To Net: NetName=GND Pin=C15-2
Added Pin To Net: NetName=GND Pin=C16-2
Added Pin To Net: NetName=GND Pin=C19-2
Added Pin To Net: NetName=GND Pin=C22-1
Added Pin To Net: NetName=GND Pin=C23-2
Added Pin To Net: NetName=GND Pin=C24-1
Added Pin To Net: NetName=GND Pin=C25-2
Added Pin To Net: NetName=GND Pin=C26-2
Added Pin To Net: NetName=GND Pin=C27-1
Added Pin To Net: NetName=GND Pin=C31-1
Added Pin To Net: NetName=GND Pin=C32-1
Added Pin To Net: NetName=GND Pin=C35-1
Added Pin To Net: NetName=GND Pin=C44-1
Added Pin To Net: NetName=GND Pin=C54-2
Added Pin To Net: NetName=GND Pin=D1-7
Added Pin To Net: NetName=GND Pin=D2-4
Added Pin To Net: NetName=GND Pin=D5-3
Added Pin To Net: NetName=GND Pin=D5-5
Added Pin To Net: NetName=GND Pin=D5-6
Added Pin To Net: NetName=GND Pin=D6-5
Added Pin To Net: NetName=GND Pin=D7-1
Added Pin To Net: NetName=GND Pin=D8-10
Added Pin To Net: NetName=GND Pin=D8-20
Added Pin To Net: NetName=GND Pin=D8-27
Added Pin To Net: NetName=GND Pin=D8-74
Added Pin To Net: NetName=GND Pin=D8-99
Added Pin To Net: NetName=GND Pin=D9-15
Added Pin To Net: NetName=GND Pin=D10-15
Added Pin To Net: NetName=GND Pin=D10-19
Added Pin To Net: NetName=GND Pin=D10-35
Added Pin To Net: NetName=GND Pin=D10-36
Added Pin To Net: NetName=GND Pin=D10-47
Added Pin To Net: NetName=GND Pin=D10-49
Added Pin To Net: NetName=GND Pin=HL1-2
Added Pin To Net: NetName=GND Pin=J1-3
Added Pin To Net: NetName=GND Pin=R5-1
Added Pin To Net: NetName=GND Pin=R11-1
Added Pin To Net: NetName=GND Pin=R20-2
Added Pin To Net: NetName=GND Pin=R25-1
Added Pin To Net: NetName=GND Pin=R41-1
Added Pin To Net: NetName=GND Pin=R53-2
Added Pin To Net: NetName=GND Pin=R68-1
Added Pin To Net: NetName=GND Pin=S1-2
Added Pin To Net: NetName=GND Pin=S2-9
Added Pin To Net: NetName=GND Pin=S2-10
Added Pin To Net: NetName=GND Pin=S2-11
Added Pin To Net: NetName=GND Pin=S2-12
Added Pin To Net: NetName=GND Pin=S2-13
Added Pin To Net: NetName=GND Pin=S2-14
Added Pin To Net: NetName=GND Pin=S2-15
Added Pin To Net: NetName=GND Pin=S2-16
Added Pin To Net: NetName=GND Pin=VD1-2
Added Pin To Net: NetName=GND Pin=VD6-1
Added Pin To Net: NetName=GND Pin=VT1-E
Added Pin To Net: NetName=GND Pin=X1-5
Added Pin To Net: NetName=GND Pin=X2-2
Added Pin To Net: NetName=GND Pin=X4-6
Added Pin To Net: NetName=GND Pin=X5-3
Added Pin To Net: NetName=GND Pin=X5-5
Added Pin To Net: NetName=GND Pin=X7-5
Added Pin To Net: NetName=GND Pin=X8-5
Added Pin To Net: NetName=GND Pin=X8-6
Added Pin To Net: NetName=GND Pin=X9-8
Added Pin To Net: NetName=GND Pin=X10-1
Added Pin To Net: NetName=GND Pin=X11-8
Added Pin To Net: NetName=GND Pin=X11-15
Added Pin To Net: NetName=GND Pin=X11-16
Added Pin To Net: NetName=GND Pin=X12-8
Added Net: Name=GND
Added Pin To Net: NetName=I2C1_SCL Pin=D8-95
Added Pin To Net: NetName=I2C1_SCL Pin=R67-1
Added Pin To Net: NetName=I2C1_SCL Pin=X11-4
Added Net: Name=I2C1_SCL
Added Pin To Net: NetName=I2C1_SDA Pin=D8-96
Added Pin To Net: NetName=I2C1_SDA Pin=R60-1
Added Pin To Net: NetName=I2C1_SDA Pin=X11-5
Added Net: Name=I2C1_SDA
Added Pin To Net: NetName=JDTI Pin=D8-77
Added Pin To Net: NetName=JDTI Pin=R37-1
Added Pin To Net: NetName=JDTI Pin=X9-7
Added Net: Name=JDTI
Added Pin To Net: NetName=LED1 Pin=D8-3
Added Pin To Net: NetName=LED1 Pin=HL6-2
Added Net: Name=LED1
Added Pin To Net: NetName=LED2 Pin=D8-2
Added Pin To Net: NetName=LED2 Pin=HL5-2
Added Net: Name=LED2
Added Pin To Net: NetName=LED3 Pin=D8-4
Added Pin To Net: NetName=LED3 Pin=HL4-2
Added Net: Name=LED3
Added Pin To Net: NetName=MISO Pin=D1-8
Added Pin To Net: NetName=MISO Pin=D2-2
Added Pin To Net: NetName=MISO Pin=D8-31
Added Pin To Net: NetName=MISO Pin=X11-10
Added Net: Name=MISO
Added Pin To Net: NetName=MOSI Pin=D1-1
Added Pin To Net: NetName=MOSI Pin=D2-5
Added Pin To Net: NetName=MOSI Pin=D8-91
Added Pin To Net: NetName=MOSI Pin=X11-7
Added Net: Name=MOSI
Added Pin To Net: NetName=NetBQ2_1 Pin=BQ2-1
Added Pin To Net: NetName=NetBQ2_1 Pin=D8-13
Added Pin To Net: NetName=NetBQ2_1 Pin=R30-1
Added Net: Name=NetBQ2_1
Added Pin To Net: NetName=NetBQ2_2 Pin=BQ2-2
Added Pin To Net: NetName=NetBQ2_2 Pin=D8-12
Added Pin To Net: NetName=NetBQ2_2 Pin=R30-2
Added Net: Name=NetBQ2_2
Added Pin To Net: NetName=NetC7_1 Pin=C7-1
Added Pin To Net: NetName=NetC7_1 Pin=D5-1
Added Pin To Net: NetName=NetC7_1 Pin=R8-1
Added Pin To Net: NetName=NetC7_1 Pin=VD3-2
Added Net: Name=NetC7_1
Added Pin To Net: NetName=NetC15_1 Pin=C15-1
Added Pin To Net: NetName=NetC15_1 Pin=D8-8
Added Net: Name=NetC15_1
Added Pin To Net: NetName=NetC16_1 Pin=C16-1
Added Pin To Net: NetName=NetC16_1 Pin=D8-9
Added Net: Name=NetC16_1
Added Pin To Net: NetName=NetC17_1 Pin=C17-1
Added Pin To Net: NetName=NetC17_1 Pin=D9-1
Added Net: Name=NetC17_1
Added Pin To Net: NetName=NetC17_2 Pin=C17-2
Added Pin To Net: NetName=NetC17_2 Pin=D9-3
Added Net: Name=NetC17_2
Added Pin To Net: NetName=NetC18_1 Pin=C18-1
Added Pin To Net: NetName=NetC18_1 Pin=D9-4
Added Net: Name=NetC18_1
Added Pin To Net: NetName=NetC18_2 Pin=C18-2
Added Pin To Net: NetName=NetC18_2 Pin=D9-5
Added Net: Name=NetC18_2
Added Pin To Net: NetName=NetC20_1 Pin=C20-1
Added Pin To Net: NetName=NetC20_1 Pin=D9-2
Added Net: Name=NetC20_1
Added Pin To Net: NetName=NetC25_1 Pin=C25-1
Added Pin To Net: NetName=NetC25_1 Pin=D8-21
Added Pin To Net: NetName=NetC25_1 Pin=R27-2
Added Net: Name=NetC25_1
Added Pin To Net: NetName=NetC26_1 Pin=C26-1
Added Pin To Net: NetName=NetC26_1 Pin=D8-22
Added Pin To Net: NetName=NetC26_1 Pin=R27-1
Added Net: Name=NetC26_1
Added Pin To Net: NetName=NetC31_2 Pin=C31-2
Added Pin To Net: NetName=NetC31_2 Pin=D9-6
Added Net: Name=NetC31_2
Added Pin To Net: NetName=NetC32_2 Pin=C32-2
Added Pin To Net: NetName=NetC32_2 Pin=D8-73
Added Net: Name=NetC32_2
Added Pin To Net: NetName=NetC35_2 Pin=C35-2
Added Pin To Net: NetName=NetC35_2 Pin=D8-6
Added Pin To Net: NetName=NetC35_2 Pin=VD7-3
Added Net: Name=NetC35_2
Added Pin To Net: NetName=NetC54_1 Pin=C54-1
Added Pin To Net: NetName=NetC54_1 Pin=D10-18
Added Pin To Net: NetName=NetC54_1 Pin=D10-23
Added Pin To Net: NetName=NetC54_1 Pin=D10-37
Added Net: Name=NetC54_1
Added Pin To Net: NetName=NetD1_4 Pin=D1-4
Added Pin To Net: NetName=NetD1_4 Pin=D8-35
Added Pin To Net: NetName=NetD1_4 Pin=R2-1
Added Net: Name=NetD1_4
Added Pin To Net: NetName=NetD2_7 Pin=D2-7
Added Pin To Net: NetName=NetD2_7 Pin=D8-29
Added Net: Name=NetD2_7
Added Pin To Net: NetName=NetD5_2 Pin=D5-2
Added Pin To Net: NetName=NetD5_2 Pin=VD6-2
Added Net: Name=NetD5_2
Added Pin To Net: NetName=NetD5_4 Pin=D5-4
Added Pin To Net: NetName=NetD5_4 Pin=R25-2
Added Pin To Net: NetName=NetD5_4 Pin=R26-1
Added Net: Name=NetD5_4
Added Pin To Net: NetName=NetD6_2 Pin=D6-2
Added Pin To Net: NetName=NetD6_2 Pin=D6-3
Added Pin To Net: NetName=NetD6_2 Pin=D8-1
Added Pin To Net: NetName=NetD6_2 Pin=R11-2
Added Net: Name=NetD6_2
Added Pin To Net: NetName=NetD8_16 Pin=D8-16
Added Pin To Net: NetName=NetD8_16 Pin=D10-31
Added Net: Name=NetD8_16
Added Pin To Net: NetName=NetD8_25 Pin=D8-25
Added Pin To Net: NetName=NetD8_25 Pin=D10-30
Added Pin To Net: NetName=NetD8_25 Pin=R45-1
Added Net: Name=NetD8_25
Added Pin To Net: NetName=NetD8_26 Pin=D8-26
Added Pin To Net: NetName=NetD8_26 Pin=R39-1
Added Net: Name=NetD8_26
Added Pin To Net: NetName=NetD8_32 Pin=D8-32
Added Pin To Net: NetName=NetD8_32 Pin=D10-40
Added Pin To Net: NetName=NetD8_32 Pin=R49-1
Added Net: Name=NetD8_32
Added Pin To Net: NetName=NetD8_33 Pin=D8-33
Added Pin To Net: NetName=NetD8_33 Pin=D10-43
Added Net: Name=NetD8_33
Added Pin To Net: NetName=NetD8_34 Pin=D8-34
Added Pin To Net: NetName=NetD8_34 Pin=D10-44
Added Net: Name=NetD8_34
Added Pin To Net: NetName=NetD8_37 Pin=D8-37
Added Pin To Net: NetName=NetD8_37 Pin=R28-1
Added Net: Name=NetD8_37
Added Pin To Net: NetName=NetD8_47 Pin=D8-47
Added Pin To Net: NetName=NetD8_47 Pin=D10-29
Added Net: Name=NetD8_47
Added Pin To Net: NetName=NetD8_48 Pin=D8-48
Added Pin To Net: NetName=NetD8_48 Pin=D10-2
Added Net: Name=NetD8_48
Added Pin To Net: NetName=NetD8_51 Pin=D8-51
Added Pin To Net: NetName=NetD8_51 Pin=D10-3
Added Net: Name=NetD8_51
Added Pin To Net: NetName=NetD8_52 Pin=D8-52
Added Pin To Net: NetName=NetD8_52 Pin=D10-4
Added Net: Name=NetD8_52
Added Pin To Net: NetName=NetD8_94 Pin=D8-94
Added Pin To Net: NetName=NetD8_94 Pin=R29-1
Added Net: Name=NetD8_94
Added Pin To Net: NetName=NetD10_7 Pin=D10-7
Added Pin To Net: NetName=NetD10_7 Pin=R35-1
Added Net: Name=NetD10_7
Added Pin To Net: NetName=NetD10_20 Pin=D10-20
Added Pin To Net: NetName=NetD10_20 Pin=R43-1
Added Net: Name=NetD10_20
Added Pin To Net: NetName=NetD10_21 Pin=D10-21
Added Pin To Net: NetName=NetD10_21 Pin=R42-1
Added Net: Name=NetD10_21
Added Pin To Net: NetName=NetD10_24 Pin=D10-24
Added Pin To Net: NetName=NetD10_24 Pin=R44-1
Added Net: Name=NetD10_24
Added Pin To Net: NetName=NetD10_26 Pin=D10-26
Added Pin To Net: NetName=NetD10_26 Pin=R48-1
Added Pin To Net: NetName=NetD10_26 Pin=X12-11
Added Net: Name=NetD10_26
Added Pin To Net: NetName=NetD10_27 Pin=D10-27
Added Pin To Net: NetName=NetD10_27 Pin=R52-1
Added Net: Name=NetD10_27
Added Pin To Net: NetName=NetD10_28 Pin=D10-28
Added Pin To Net: NetName=NetD10_28 Pin=R50-1
Added Pin To Net: NetName=NetD10_28 Pin=X12-10
Added Net: Name=NetD10_28
Added Pin To Net: NetName=NetD10_39 Pin=D10-39
Added Pin To Net: NetName=NetD10_39 Pin=R46-1
Added Net: Name=NetD10_39
Added Pin To Net: NetName=NetD10_42 Pin=D10-42
Added Pin To Net: NetName=NetD10_42 Pin=R47-1
Added Net: Name=NetD10_42
Added Pin To Net: NetName=NetF1_2 Pin=F1-2
Added Pin To Net: NetName=NetF1_2 Pin=R4-1
Added Net: Name=NetF1_2
Added Pin To Net: NetName=NetF2_1 Pin=F2-1
Added Pin To Net: NetName=NetF2_1 Pin=X1-1
Added Net: Name=NetF2_1
Added Pin To Net: NetName=NetG1_2 Pin=G1-2
Added Pin To Net: NetName=NetG1_2 Pin=VT1-C
Added Net: Name=NetG1_2
Added Pin To Net: NetName=NetHL1_1 Pin=HL1-1
Added Pin To Net: NetName=NetHL1_1 Pin=R8-2
Added Net: Name=NetHL1_1
Added Pin To Net: NetName=NetHL2_1 Pin=HL2-1
Added Pin To Net: NetName=NetHL2_1 Pin=R23-2
Added Net: Name=NetHL2_1
Added Pin To Net: NetName=NetHL3_1 Pin=HL3-1
Added Pin To Net: NetName=NetHL3_1 Pin=R24-2
Added Net: Name=NetHL3_1
Added Pin To Net: NetName=NetHL4_1 Pin=HL4-1
Added Pin To Net: NetName=NetHL4_1 Pin=R32-2
Added Net: Name=NetHL4_1
Added Pin To Net: NetName=NetHL5_1 Pin=HL5-1
Added Pin To Net: NetName=NetHL5_1 Pin=R33-2
Added Net: Name=NetHL5_1
Added Pin To Net: NetName=NetHL6_1 Pin=HL6-1
Added Pin To Net: NetName=NetHL6_1 Pin=R34-2
Added Net: Name=NetHL6_1
Added Pin To Net: NetName=NetJ1_1 Pin=J1-1
Added Pin To Net: NetName=NetJ1_1 Pin=J1-2
Added Pin To Net: NetName=NetJ1_1 Pin=VD7-1
Added Net: Name=NetJ1_1
Added Pin To Net: NetName=NetR4_2 Pin=R4-2
Added Pin To Net: NetName=NetR4_2 Pin=VD1-1
Added Pin To Net: NetName=NetR4_2 Pin=VD3-1
Added Net: Name=NetR4_2
Added Pin To Net: NetName=NetR9_2 Pin=R9-2
Added Pin To Net: NetName=NetR9_2 Pin=X3-1
Added Net: Name=NetR9_2
Added Pin To Net: NetName=NetR21_1 Pin=R21-1
Added Pin To Net: NetName=NetR21_1 Pin=X6-1
Added Net: Name=NetR21_1
Added Pin To Net: NetName=NetR39_2 Pin=R39-2
Added Pin To Net: NetName=NetR39_2 Pin=VT1-B
Added Net: Name=NetR39_2
Added Pin To Net: NetName=NetR44_2 Pin=R44-2
Added Pin To Net: NetName=NetR44_2 Pin=R51-1
Added Net: Name=NetR44_2
Added Pin To Net: NetName=NetR51_2 Pin=R51-2
Added Pin To Net: NetName=NetR51_2 Pin=R53-1
Added Net: Name=NetR51_2
Added Pin To Net: NetName=NetR69_1 Pin=R69-1
Added Pin To Net: NetName=NetR69_1 Pin=X12-9
Added Net: Name=NetR69_1
Added Pin To Net: NetName=NetR70_1 Pin=R70-1
Added Pin To Net: NetName=NetR70_1 Pin=X12-12
Added Net: Name=NetR70_1
Added Pin To Net: NetName=NJRST Pin=D8-90
Added Pin To Net: NetName=NJRST Pin=R36-1
Added Pin To Net: NetName=NJRST Pin=X9-5
Added Net: Name=NJRST
Added Pin To Net: NetName=NRST Pin=D8-14
Added Pin To Net: NetName=NRST Pin=R31-1
Added Net: Name=NRST
Added Pin To Net: NetName=nW Pin=D2-3
Added Pin To Net: NetName=nW Pin=D8-38
Added Net: Name=nW
Added Pin To Net: NetName=PD3 Pin=D8-84
Added Pin To Net: NetName=PD3 Pin=X11-1
Added Net: Name=PD3
Added Pin To Net: NetName=PD4 Pin=D8-85
Added Pin To Net: NetName=PD4 Pin=X11-2
Added Net: Name=PD4
Added Pin To Net: NetName=PD7 Pin=D8-88
Added Pin To Net: NetName=PD7 Pin=X11-3
Added Net: Name=PD7
Added Pin To Net: NetName=PE0 Pin=D8-97
Added Pin To Net: NetName=PE0 Pin=X11-6
Added Net: Name=PE0
Added Pin To Net: NetName=RD_N Pin=D10-13
Added Pin To Net: NetName=RD_N Pin=R65-1
Added Pin To Net: NetName=RD_N Pin=X12-6
Added Net: Name=RD_N
Added Pin To Net: NetName=RD_P Pin=D10-14
Added Pin To Net: NetName=RD_P Pin=R63-1
Added Pin To Net: NetName=RD_P Pin=VD8-4
Added Pin To Net: NetName=RD_P Pin=X12-3
Added Net: Name=RD_P
Added Pin To Net: NetName=RS485_N Pin=D6-6
Added Pin To Net: NetName=RS485_N Pin=R22-2
Added Pin To Net: NetName=RS485_N Pin=X6-2
Added Pin To Net: NetName=RS485_N Pin=X7-4
Added Net: Name=RS485_N
Added Pin To Net: NetName=RS485_P Pin=D6-7
Added Pin To Net: NetName=RS485_P Pin=D9-13
Added Pin To Net: NetName=RS485_P Pin=R20-1
Added Pin To Net: NetName=RS485_P Pin=R21-2
Added Pin To Net: NetName=RS485_P Pin=X7-3
Added Net: Name=RS485_P
Added Pin To Net: NetName=RX2 Pin=D6-1
Added Pin To Net: NetName=RX2 Pin=D8-87
Added Pin To Net: NetName=RX2 Pin=D9-12
Added Pin To Net: NetName=RX2 Pin=R10-1
Added Net: Name=RX2
Added Pin To Net: NetName=SCK Pin=D1-2
Added Pin To Net: NetName=SCK Pin=D2-6
Added Pin To Net: NetName=SCK Pin=D8-30
Added Pin To Net: NetName=SCK Pin=R5-2
Added Pin To Net: NetName=SCK Pin=X11-9
Added Net: Name=SCK
Added Pin To Net: NetName=SDIO_CLK Pin=D8-80
Added Pin To Net: NetName=SDIO_CLK Pin=R18-1
Added Pin To Net: NetName=SDIO_CLK Pin=X4-5
Added Net: Name=SDIO_CLK
Added Pin To Net: NetName=SDIO_CMD Pin=D8-83
Added Pin To Net: NetName=SDIO_CMD Pin=R17-1
Added Pin To Net: NetName=SDIO_CMD Pin=X4-3
Added Net: Name=SDIO_CMD
Added Pin To Net: NetName=SDIO_D0 Pin=D8-65
Added Pin To Net: NetName=SDIO_D0 Pin=R12-1
Added Pin To Net: NetName=SDIO_D0 Pin=X4-7
Added Net: Name=SDIO_D0
Added Pin To Net: NetName=SDIO_D1 Pin=D8-66
Added Pin To Net: NetName=SDIO_D1 Pin=R13-1
Added Pin To Net: NetName=SDIO_D1 Pin=X4-8
Added Net: Name=SDIO_D1
Added Pin To Net: NetName=SDIO_D2 Pin=D8-78
Added Pin To Net: NetName=SDIO_D2 Pin=R14-1
Added Pin To Net: NetName=SDIO_D2 Pin=X4-1
Added Net: Name=SDIO_D2
Added Pin To Net: NetName=SDIO_D3 Pin=D8-79
Added Pin To Net: NetName=SDIO_D3 Pin=R15-1
Added Pin To Net: NetName=SDIO_D3 Pin=X4-2
Added Net: Name=SDIO_D3
Added Pin To Net: NetName=SHLD Pin=R68-2
Added Pin To Net: NetName=SHLD Pin=X1-6
Added Pin To Net: NetName=SHLD Pin=X1-7
Added Pin To Net: NetName=SHLD Pin=X1-8
Added Pin To Net: NetName=SHLD Pin=X1-9
Added Pin To Net: NetName=SHLD Pin=X4-9
Added Pin To Net: NetName=SHLD Pin=X4-10
Added Pin To Net: NetName=SHLD Pin=X4-11
Added Pin To Net: NetName=SHLD Pin=X4-12
Added Pin To Net: NetName=SHLD Pin=X5-10
Added Pin To Net: NetName=SHLD Pin=X5-11
Added Pin To Net: NetName=SHLD Pin=X7-10
Added Pin To Net: NetName=SHLD Pin=X7-11
Added Pin To Net: NetName=SHLD Pin=X12-S1
Added Pin To Net: NetName=SHLD Pin=X12-S2
Added Net: Name=SHLD
Added Pin To Net: NetName=SWCLK Pin=D8-76
Added Pin To Net: NetName=SWCLK Pin=R41-2
Added Pin To Net: NetName=SWCLK Pin=X9-4
Added Net: Name=SWCLK
Added Pin To Net: NetName=SWDIO Pin=D8-72
Added Pin To Net: NetName=SWDIO Pin=R38-1
Added Pin To Net: NetName=SWDIO Pin=X9-2
Added Net: Name=SWDIO
Added Pin To Net: NetName=SWITCH1 Pin=D8-64
Added Pin To Net: NetName=SWITCH1 Pin=R54-1
Added Pin To Net: NetName=SWITCH1 Pin=S2-1
Added Net: Name=SWITCH1
Added Pin To Net: NetName=SWITCH2 Pin=D8-63
Added Pin To Net: NetName=SWITCH2 Pin=R55-1
Added Pin To Net: NetName=SWITCH2 Pin=S2-2
Added Net: Name=SWITCH2
Added Pin To Net: NetName=SWITCH3 Pin=D8-62
Added Pin To Net: NetName=SWITCH3 Pin=R56-1
Added Pin To Net: NetName=SWITCH3 Pin=S2-3
Added Net: Name=SWITCH3
Added Pin To Net: NetName=SWITCH4 Pin=D8-61
Added Pin To Net: NetName=SWITCH4 Pin=R57-1
Added Pin To Net: NetName=SWITCH4 Pin=S2-4
Added Net: Name=SWITCH4
Added Pin To Net: NetName=SWITCH5 Pin=D8-60
Added Pin To Net: NetName=SWITCH5 Pin=R59-1
Added Pin To Net: NetName=SWITCH5 Pin=S2-5
Added Net: Name=SWITCH5
Added Pin To Net: NetName=SWITCH6 Pin=D8-59
Added Pin To Net: NetName=SWITCH6 Pin=R62-1
Added Pin To Net: NetName=SWITCH6 Pin=S2-6
Added Net: Name=SWITCH6
Added Pin To Net: NetName=SWITCH7 Pin=D8-58
Added Pin To Net: NetName=SWITCH7 Pin=R64-1
Added Pin To Net: NetName=SWITCH7 Pin=S2-7
Added Net: Name=SWITCH7
Added Pin To Net: NetName=SWITCH8 Pin=D8-57
Added Pin To Net: NetName=SWITCH8 Pin=R66-1
Added Pin To Net: NetName=SWITCH8 Pin=S2-8
Added Net: Name=SWITCH8
Added Pin To Net: NetName=SWO Pin=D8-89
Added Pin To Net: NetName=SWO Pin=R40-1
Added Pin To Net: NetName=SWO Pin=X9-6
Added Net: Name=SWO
Added Pin To Net: NetName=TD_N Pin=D10-16
Added Pin To Net: NetName=TD_N Pin=R61-1
Added Pin To Net: NetName=TD_N Pin=VD8-3
Added Pin To Net: NetName=TD_N Pin=X12-2
Added Net: Name=TD_N
Added Pin To Net: NetName=TD_P Pin=D10-17
Added Pin To Net: NetName=TD_P Pin=R58-1
Added Pin To Net: NetName=TD_P Pin=VD8-1
Added Pin To Net: NetName=TD_P Pin=X12-1
Added Net: Name=TD_P
Added Pin To Net: NetName=TX2 Pin=D6-4
Added Pin To Net: NetName=TX2 Pin=D8-86
Added Pin To Net: NetName=TX2 Pin=D9-11
Added Net: Name=TX2
Added Pin To Net: NetName=TxD Pin=D9-14
Added Pin To Net: NetName=TxD Pin=X7-2
Added Net: Name=TxD
Added Pin To Net: NetName=USART1_Rx Pin=D8-69
Added Pin To Net: NetName=USART1_Rx Pin=R16-1
Added Net: Name=USART1_Rx
Added Pin To Net: NetName=USART1_Tx Pin=D8-68
Added Pin To Net: NetName=USART1_Tx Pin=R19-1
Added Net: Name=USART1_Tx
Added Pin To Net: NetName=USART3_Rx Pin=D8-56
Added Pin To Net: NetName=USART3_Rx Pin=X10-3
Added Net: Name=USART3_Rx
Added Pin To Net: NetName=USART3_Tx Pin=D8-55
Added Pin To Net: NetName=USART3_Tx Pin=X10-2
Added Net: Name=USART3_Tx
Added Pin To Net: NetName=USB_N Pin=R7-1
Added Pin To Net: NetName=USB_N Pin=R7-2
Added Pin To Net: NetName=USB_N Pin=X1-2
Added Net: Name=USB_N
Added Pin To Net: NetName=USB_P Pin=R6-1
Added Pin To Net: NetName=USB_P Pin=R6-2
Added Pin To Net: NetName=USB_P Pin=X1-3
Added Net: Name=USB_P
Added Pin To Net: NetName=VBUS Pin=C1-2
Added Pin To Net: NetName=VBUS Pin=F2-2
Added Pin To Net: NetName=VBUS Pin=VD4-A
Added Net: Name=VBUS
Added Pin To Net: NetName=VCCIO Pin=R16-2
Added Pin To Net: NetName=VCCIO Pin=R19-2
Added Pin To Net: NetName=VCCIO Pin=R23-1
Added Pin To Net: NetName=VCCIO Pin=R24-1
Added Net: Name=VCCIO
Added Pin To Net: NetName=VCC Pin=F1-1
Added Pin To Net: NetName=VCC Pin=X2-1
Added Net: Name=VCC
Added Differential Pair: Name=CAN
Added Differential Pair: Name=RD
Added Differential Pair: Name=RS485
Added Differential Pair: Name=TD
Added Differential Pair: Name=USB
Added Member To Class: ClassName=STM32F407VET6_4Layer_Sheet Member=Component BQ1 0805
Added Member To Class: ClassName=STM32F407VET6_4Layer_Sheet Member=Component BQ2 HC-49SM 8MHz
Added Member To Class: ClassName=STM32F407VET6_4Layer_Sheet Member=Component BQ3 CFPS-73
Added Member To Class: ClassName=STM32F407VET6_4Layer_Sheet Member=Component C1 0603
Added Member To Class: ClassName=STM32F407VET6_4Layer_Sheet Member=Component C2 0603
Added Member To Class: ClassName=STM32F407VET6_4Layer_Sheet Member=Component C3 0603
Added Member To Class: ClassName=STM32F407VET6_4Layer_Sheet Member=Component C4 0805
Added Member To Class: ClassName=STM32F407VET6_4Layer_Sheet Member=Component C5 0805
Added Member To Class: ClassName=STM32F407VET6_4Layer_Sheet Member=Component C6 0805
Added Member To Class: ClassName=STM32F407VET6_4Layer_Sheet Member=Component C7 220uF 50V
Added Member To Class: ClassName=STM32F407VET6_4Layer_Sheet Member=Component C8 0805
Added Member To Class: ClassName=STM32F407VET6_4Layer_Sheet Member=Component C9 0805
Added Member To Class: ClassName=STM32F407VET6_4Layer_Sheet Member=Component C10 0603
Added Member To Class: ClassName=STM32F407VET6_4Layer_Sheet Member=Component C11 0603
Added Member To Class: ClassName=STM32F407VET6_4Layer_Sheet Member=Component C12 0805
Added Member To Class: ClassName=STM32F407VET6_4Layer_Sheet Member=Component C13 220uF 25V
Added Member To Class: ClassName=STM32F407VET6_4Layer_Sheet Member=Component C14 0805
Added Member To Class: ClassName=STM32F407VET6_4Layer_Sheet Member=Component C15 0603
Added Member To Class: ClassName=STM32F407VET6_4Layer_Sheet Member=Component C16 0603
Added Member To Class: ClassName=STM32F407VET6_4Layer_Sheet Member=Component C17 TECAP_A 35V 0.1uF
Added Member To Class: ClassName=STM32F407VET6_4Layer_Sheet Member=Component C18 TECAP_A 35V 0.1uF
Added Member To Class: ClassName=STM32F407VET6_4Layer_Sheet Member=Component C19 TECAP_D 16V 100uF
Added Member To Class: ClassName=STM32F407VET6_4Layer_Sheet Member=Component C20 TECAP_A 35V 0.1uF
Added Member To Class: ClassName=STM32F407VET6_4Layer_Sheet Member=Component C21 0805
Added Member To Class: ClassName=STM32F407VET6_4Layer_Sheet Member=Component C22 0603
Added Member To Class: ClassName=STM32F407VET6_4Layer_Sheet Member=Component C23 TECAP_A 35V 0.1uF
Added Member To Class: ClassName=STM32F407VET6_4Layer_Sheet Member=Component C24 0603
Added Member To Class: ClassName=STM32F407VET6_4Layer_Sheet Member=Component C25 TECAP_A 16V 1uF
Added Member To Class: ClassName=STM32F407VET6_4Layer_Sheet Member=Component C26 TECAP_A 16V 1uF
Added Member To Class: ClassName=STM32F407VET6_4Layer_Sheet Member=Component C27 0603
Added Member To Class: ClassName=STM32F407VET6_4Layer_Sheet Member=Component C28 0805
Added Member To Class: ClassName=STM32F407VET6_4Layer_Sheet Member=Component C29 0805
Added Member To Class: ClassName=STM32F407VET6_4Layer_Sheet Member=Component C30 0805
Added Member To Class: ClassName=STM32F407VET6_4Layer_Sheet Member=Component C31 TECAP_A 35V 0.1uF
Added Member To Class: ClassName=STM32F407VET6_4Layer_Sheet Member=Component C32 0603
Added Member To Class: ClassName=STM32F407VET6_4Layer_Sheet Member=Component C33 0805
Added Member To Class: ClassName=STM32F407VET6_4Layer_Sheet Member=Component C34 0805
Added Member To Class: ClassName=STM32F407VET6_4Layer_Sheet Member=Component C35 0603
Added Member To Class: ClassName=STM32F407VET6_4Layer_Sheet Member=Component C36 0805
Added Member To Class: ClassName=STM32F407VET6_4Layer_Sheet Member=Component C37 0805
Added Member To Class: ClassName=STM32F407VET6_4Layer_Sheet Member=Component C38 0805
Added Member To Class: ClassName=STM32F407VET6_4Layer_Sheet Member=Component C39 0805
Added Member To Class: ClassName=STM32F407VET6_4Layer_Sheet Member=Component C40 0805
Added Member To Class: ClassName=STM32F407VET6_4Layer_Sheet Member=Component C41 0805
Added Member To Class: ClassName=STM32F407VET6_4Layer_Sheet Member=Component C42 0805
Added Member To Class: ClassName=STM32F407VET6_4Layer_Sheet Member=Component C43 0805
Added Member To Class: ClassName=STM32F407VET6_4Layer_Sheet Member=Component C44 0603
Added Member To Class: ClassName=STM32F407VET6_4Layer_Sheet Member=Component C45 0805
Added Member To Class: ClassName=STM32F407VET6_4Layer_Sheet Member=Component C46 0805
Added Member To Class: ClassName=STM32F407VET6_4Layer_Sheet Member=Component C47 0805
Added Member To Class: ClassName=STM32F407VET6_4Layer_Sheet Member=Component C48 0805
Added Member To Class: ClassName=STM32F407VET6_4Layer_Sheet Member=Component C49 0805
Added Member To Class: ClassName=STM32F407VET6_4Layer_Sheet Member=Component C50 0805
Added Member To Class: ClassName=STM32F407VET6_4Layer_Sheet Member=Component C51 0805
Added Member To Class: ClassName=STM32F407VET6_4Layer_Sheet Member=Component C52 0805
Added Member To Class: ClassName=STM32F407VET6_4Layer_Sheet Member=Component C53 1206
Added Member To Class: ClassName=STM32F407VET6_4Layer_Sheet Member=Component C54 TECAP_A 10V 10uF
Added Member To Class: ClassName=STM32F407VET6_4Layer_Sheet Member=Component D1 AT45DB161E
Added Member To Class: ClassName=STM32F407VET6_4Layer_Sheet Member=Component D2 M95256(2M)
Added Member To Class: ClassName=STM32F407VET6_4Layer_Sheet Member=Component D3 SN65HVD230QDR
Added Member To Class: ClassName=STM32F407VET6_4Layer_Sheet Member=Component D4 FT230XS-U
Added Member To Class: ClassName=STM32F407VET6_4Layer_Sheet Member=Component D5 LM2596S-5.0/NOPB
Added Member To Class: ClassName=STM32F407VET6_4Layer_Sheet Member=Component D6 ST3485
Added Member To Class: ClassName=STM32F407VET6_4Layer_Sheet Member=Component D7 LM1117IMPX-3.3/NOPB
Added Member To Class: ClassName=STM32F407VET6_4Layer_Sheet Member=Component D8 STM32F407VET6
Added Member To Class: ClassName=STM32F407VET6_4Layer_Sheet Member=Component D9 ADM3202ARNZ
Added Member To Class: ClassName=STM32F407VET6_4Layer_Sheet Member=Component D10 DP83848CVVNOPB
Added Member To Class: ClassName=STM32F407VET6_4Layer_Sheet Member=Component F1 MF-SM075/60
Added Member To Class: ClassName=STM32F407VET6_4Layer_Sheet Member=Component F2 MF-MSMF050-2
Added Member To Class: ClassName=STM32F407VET6_4Layer_Sheet Member=Component G1 HC0905A
Added Member To Class: ClassName=STM32F407VET6_4Layer_Sheet Member=Component HL1 GNL-3014BC-1
Added Member To Class: ClassName=STM32F407VET6_4Layer_Sheet Member=Component HL2 TO-1608BC-MYF
Added Member To Class: ClassName=STM32F407VET6_4Layer_Sheet Member=Component HL3 TO-1608BC-MRE
Added Member To Class: ClassName=STM32F407VET6_4Layer_Sheet Member=Component HL4 GNL-3014UYC
Added Member To Class: ClassName=STM32F407VET6_4Layer_Sheet Member=Component HL5 GNL-3014UGC
Added Member To Class: ClassName=STM32F407VET6_4Layer_Sheet Member=Component HL6 GNL-3014SRT (GNL-3014SRD)
Added Member To Class: ClassName=STM32F407VET6_4Layer_Sheet Member=Component J1 BK-912-TR
Added Member To Class: ClassName=STM32F407VET6_4Layer_Sheet Member=Component L1 SRR1208-680YL
Added Member To Class: ClassName=STM32F407VET6_4Layer_Sheet Member=Component L2 CM453232-101KL
Added Member To Class: ClassName=STM32F407VET6_4Layer_Sheet Member=Component R1 0603
Added Member To Class: ClassName=STM32F407VET6_4Layer_Sheet Member=Component R2 0603
Added Member To Class: ClassName=STM32F407VET6_4Layer_Sheet Member=Component R3 0805
Added Member To Class: ClassName=STM32F407VET6_4Layer_Sheet Member=Component R4 KNP2WS-2.2 5%
Added Member To Class: ClassName=STM32F407VET6_4Layer_Sheet Member=Component R5 0603
Added Member To Class: ClassName=STM32F407VET6_4Layer_Sheet Member=Component R6 0603
Added Member To Class: ClassName=STM32F407VET6_4Layer_Sheet Member=Component R7 0603
Added Member To Class: ClassName=STM32F407VET6_4Layer_Sheet Member=Component R8 2512
Added Member To Class: ClassName=STM32F407VET6_4Layer_Sheet Member=Component R9 0805
Added Member To Class: ClassName=STM32F407VET6_4Layer_Sheet Member=Component R10 0603
Added Member To Class: ClassName=STM32F407VET6_4Layer_Sheet Member=Component R11 0603
Added Member To Class: ClassName=STM32F407VET6_4Layer_Sheet Member=Component R12 0603
Added Member To Class: ClassName=STM32F407VET6_4Layer_Sheet Member=Component R13 0603
Added Member To Class: ClassName=STM32F407VET6_4Layer_Sheet Member=Component R14 0603
Added Member To Class: ClassName=STM32F407VET6_4Layer_Sheet Member=Component R15 0603
Added Member To Class: ClassName=STM32F407VET6_4Layer_Sheet Member=Component R16 0805
Added Member To Class: ClassName=STM32F407VET6_4Layer_Sheet Member=Component R17 0603
Added Member To Class: ClassName=STM32F407VET6_4Layer_Sheet Member=Component R18 0603
Added Member To Class: ClassName=STM32F407VET6_4Layer_Sheet Member=Component R19 0805
Added Member To Class: ClassName=STM32F407VET6_4Layer_Sheet Member=Component R20 0603
Added Member To Class: ClassName=STM32F407VET6_4Layer_Sheet Member=Component R21 0603
Added Member To Class: ClassName=STM32F407VET6_4Layer_Sheet Member=Component R22 0603
Added Member To Class: ClassName=STM32F407VET6_4Layer_Sheet Member=Component R23 0805
Added Member To Class: ClassName=STM32F407VET6_4Layer_Sheet Member=Component R24 0805
Added Member To Class: ClassName=STM32F407VET6_4Layer_Sheet Member=Component R25 0805
Added Member To Class: ClassName=STM32F407VET6_4Layer_Sheet Member=Component R26 0805
Added Member To Class: ClassName=STM32F407VET6_4Layer_Sheet Member=Component R27 0805
Added Member To Class: ClassName=STM32F407VET6_4Layer_Sheet Member=Component R28 0805
Added Member To Class: ClassName=STM32F407VET6_4Layer_Sheet Member=Component R29 0603
Added Member To Class: ClassName=STM32F407VET6_4Layer_Sheet Member=Component R30 0805
Added Member To Class: ClassName=STM32F407VET6_4Layer_Sheet Member=Component R31 0805
Added Member To Class: ClassName=STM32F407VET6_4Layer_Sheet Member=Component R32 0805
Added Member To Class: ClassName=STM32F407VET6_4Layer_Sheet Member=Component R33 0805
Added Member To Class: ClassName=STM32F407VET6_4Layer_Sheet Member=Component R34 0805
Added Member To Class: ClassName=STM32F407VET6_4Layer_Sheet Member=Component R35 0805
Added Member To Class: ClassName=STM32F407VET6_4Layer_Sheet Member=Component R36 0805
Added Member To Class: ClassName=STM32F407VET6_4Layer_Sheet Member=Component R37 0805
Added Member To Class: ClassName=STM32F407VET6_4Layer_Sheet Member=Component R38 0603
Added Member To Class: ClassName=STM32F407VET6_4Layer_Sheet Member=Component R39 0603
Added Member To Class: ClassName=STM32F407VET6_4Layer_Sheet Member=Component R40 0805
Added Member To Class: ClassName=STM32F407VET6_4Layer_Sheet Member=Component R41 0603
Added Member To Class: ClassName=STM32F407VET6_4Layer_Sheet Member=Component R42 0805
Added Member To Class: ClassName=STM32F407VET6_4Layer_Sheet Member=Component R43 0805
Added Member To Class: ClassName=STM32F407VET6_4Layer_Sheet Member=Component R44 0603
Added Member To Class: ClassName=STM32F407VET6_4Layer_Sheet Member=Component R45 0805
Added Member To Class: ClassName=STM32F407VET6_4Layer_Sheet Member=Component R46 0805
Added Member To Class: ClassName=STM32F407VET6_4Layer_Sheet Member=Component R47 0805
Added Member To Class: ClassName=STM32F407VET6_4Layer_Sheet Member=Component R48 0805
Added Member To Class: ClassName=STM32F407VET6_4Layer_Sheet Member=Component R49 0805
Added Member To Class: ClassName=STM32F407VET6_4Layer_Sheet Member=Component R50 0805
Added Member To Class: ClassName=STM32F407VET6_4Layer_Sheet Member=Component R51 0603
Added Member To Class: ClassName=STM32F407VET6_4Layer_Sheet Member=Component R52 0805
Added Member To Class: ClassName=STM32F407VET6_4Layer_Sheet Member=Component R53 0603
Added Member To Class: ClassName=STM32F407VET6_4Layer_Sheet Member=Component R54 0603
Added Member To Class: ClassName=STM32F407VET6_4Layer_Sheet Member=Component R55 0603
Added Member To Class: ClassName=STM32F407VET6_4Layer_Sheet Member=Component R56 0603
Added Member To Class: ClassName=STM32F407VET6_4Layer_Sheet Member=Component R57 0603
Added Member To Class: ClassName=STM32F407VET6_4Layer_Sheet Member=Component R58 0805
Added Member To Class: ClassName=STM32F407VET6_4Layer_Sheet Member=Component R59 0603
Added Member To Class: ClassName=STM32F407VET6_4Layer_Sheet Member=Component R60 0603
Added Member To Class: ClassName=STM32F407VET6_4Layer_Sheet Member=Component R61 0805
Added Member To Class: ClassName=STM32F407VET6_4Layer_Sheet Member=Component R62 0603
Added Member To Class: ClassName=STM32F407VET6_4Layer_Sheet Member=Component R63 0805
Added Member To Class: ClassName=STM32F407VET6_4Layer_Sheet Member=Component R64 0603
Added Member To Class: ClassName=STM32F407VET6_4Layer_Sheet Member=Component R65 0805
Added Member To Class: ClassName=STM32F407VET6_4Layer_Sheet Member=Component R66 0603
Added Member To Class: ClassName=STM32F407VET6_4Layer_Sheet Member=Component R67 0603
Added Member To Class: ClassName=STM32F407VET6_4Layer_Sheet Member=Component R68 1206
Added Member To Class: ClassName=STM32F407VET6_4Layer_Sheet Member=Component R69 0805
Added Member To Class: ClassName=STM32F407VET6_4Layer_Sheet Member=Component R70 0805
Added Member To Class: ClassName=STM32F407VET6_4Layer_Sheet Member=Component S1 1437566-3
Added Member To Class: ClassName=STM32F407VET6_4Layer_Sheet Member=Component S2 DM-08-V
Added Member To Class: ClassName=STM32F407VET6_4Layer_Sheet Member=Component VD1 SM15T39CA
Added Member To Class: ClassName=STM32F407VET6_4Layer_Sheet Member=Component VD2 SP0503BAHTG
Added Member To Class: ClassName=STM32F407VET6_4Layer_Sheet Member=Component VD3 VS-30BQ040
Added Member To Class: ClassName=STM32F407VET6_4Layer_Sheet Member=Component VD4 MBR130LSFT1G
Added Member To Class: ClassName=STM32F407VET6_4Layer_Sheet Member=Component VD5 SP0503BAHTG
Added Member To Class: ClassName=STM32F407VET6_4Layer_Sheet Member=Component VD6 SS34
Added Member To Class: ClassName=STM32F407VET6_4Layer_Sheet Member=Component VD7 BAT54C
Added Member To Class: ClassName=STM32F407VET6_4Layer_Sheet Member=Component VD8 SP0504BAHT
Added Member To Class: ClassName=STM32F407VET6_4Layer_Sheet Member=Component VT1 MMBT3904.215
Added Member To Class: ClassName=STM32F407VET6_4Layer_Sheet Member=Component X1 DS1104-B60SRS
Added Member To Class: ClassName=STM32F407VET6_4Layer_Sheet Member=Component X2 309-021-12
Added Member To Class: ClassName=STM32F407VET6_4Layer_Sheet Member=Component X3 DS1021_1x2
Added Member To Class: ClassName=STM32F407VET6_4Layer_Sheet Member=Component X4 microSD_500901-0801
Added Member To Class: ClassName=STM32F407VET6_4Layer_Sheet Member=Component X5 DRB- 9FA (DS1037-9F)
Added Member To Class: ClassName=STM32F407VET6_4Layer_Sheet Member=Component X6 DS1021_1x2
Added Member To Class: ClassName=STM32F407VET6_4Layer_Sheet Member=Component X7 DRB- 9FA (DS1037-9F)
Added Member To Class: ClassName=STM32F407VET6_4Layer_Sheet Member=Component X8 DS1021-2*3SF11-B
Added Member To Class: ClassName=STM32F407VET6_4Layer_Sheet Member=Component X9 DS1021-2*4SF11-B
Added Member To Class: ClassName=STM32F407VET6_4Layer_Sheet Member=Component X10 DS1021_1x4
Added Member To Class: ClassName=STM32F407VET6_4Layer_Sheet Member=Component X11 B16B-PHDSS
Added Member To Class: ClassName=STM32F407VET6_4Layer_Sheet Member=Component X12 TRJ0011TBNL (J0011D018)
Added Room: Name=STM32F407VET6_4Layer_Sheet
